-- The C compiler identification is GNU 13.3.0
-- The CXX compiler identification is GNU 13.3.0
-- Detecting C compiler ABI info
-- Detecting C compiler ABI info - done
-- Check for working C compiler: /usr/bin/cc - skipped
-- Detecting C compile features
-- Detecting C compile features - done
-- Detecting CXX compiler ABI info
-- Detecting CXX compiler ABI info - done
-- Check for working CXX compiler: /usr/bin/c++ - skipped
-- Detecting CXX compile features
-- Detecting CXX compile features - done
-- Found ament_cmake: 2.5.4 (/opt/ros/jazzy/share/ament_cmake/cmake)
-- Found Python3: /usr/bin/python3 (found version "3.12.3") found components: Interpreter 
-- Found rclcpp: 28.1.12 (/opt/ros/jazzy/share/rclcpp/cmake)
-- Found rosidl_generator_c: 4.6.6 (/opt/ros/jazzy/share/rosidl_generator_c/cmake)
-- Found rosidl_generator_cpp: 4.6.6 (/opt/ros/jazzy/share/rosidl_generator_cpp/cmake)
-- Using all available rosidl_typesupport_c: rosidl_typesupport_fastrtps_c;rosidl_typesupport_introspection_c
-- Using all available rosidl_typesupport_cpp: rosidl_typesupport_fastrtps_cpp;rosidl_typesupport_introspection_cpp
-- Found rmw_implementation_cmake: 7.3.2 (/opt/ros/jazzy/share/rmw_implementation_cmake/cmake)
-- Found rmw_fastrtps_cpp: 8.4.3 (/opt/ros/jazzy/share/rmw_fastrtps_cpp/cmake)
-- Found OpenSSL: /usr/lib/x86_64-linux-gnu/libcrypto.so (found version "3.0.13")  
-- Found FastRTPS: /opt/ros/jazzy/include (Required is at least version "2.13") 
-- Using RMW implementation 'rmw_fastrtps_cpp' as default
-- Found sensor_msgs: 5.3.6 (/opt/ros/jazzy/share/sensor_msgs/cmake)
-- Found nav_msgs: 5.3.6 (/opt/ros/jazzy/share/nav_msgs/cmake)
-- Found std_srvs: 5.3.6 (/opt/ros/jazzy/share/std_srvs/cmake)
-- Found tf2: 0.36.14 (/opt/ros/jazzy/share/tf2/cmake)
-- Found tf2_ros: 0.36.14 (/opt/ros/jazzy/share/tf2_ros/cmake)
-- Found rclpy: 7.1.5 (/opt/ros/jazzy/share/rclpy/cmake)
-- Found ament_lint_auto: 0.17.3 (/opt/ros/jazzy/share/ament_lint_auto/cmake)
-- Added test 'cppcheck' to perform static code analysis on C / C++ code
-- Configured cppcheck include dirs: 
-- Configured cppcheck exclude dirs and/or files: 
-- Added test 'flake8' to check Python code syntax and style conventions
-- Configured 'flake8' exclude dirs and/or files: 
-- Added test 'lint_cmake' to check CMake code style
-- Added test 'pep257' to check Python code against some of the docstring style conventions in PEP 257
-- Added test 'uncrustify' to check C / C++ code style
-- Configured uncrustify additional arguments: 
-- Added test 'xmllint' to check XML markup files
-- Configuring done (2.1s)
-- Generating done (0.0s)
-- Build files have been written to: /home/mohammadreza/Robot/HW3/build/robot_description
[ 50%] [32mBuilding CXX object CMakeFiles/ekf_diff_imu_node.dir/scripts/ekf_diff_imu.cpp.o[0m
[ 50%] [32mBuilding CXX object CMakeFiles/frame_id_converter_node.dir/scripts/frame_id_converter.cpp.o[0m
[ 50%] [32mBuilding CXX object CMakeFiles/motor_command_node.dir/scripts/motor_command.cpp.o[0m
[ 66%] [32m[1mLinking CXX executable frame_id_converter_node[0m
[ 66%] Built target frame_id_converter_node
[ 83%] [32m[1mLinking CXX executable motor_command_node[0m
[ 83%] Built target motor_command_node
[100%] [32m[1mLinking CXX executable ekf_diff_imu_node[0m
[100%] Built target ekf_diff_imu_node
-- Install configuration: ""
-- Installing: /home/mohammadreza/Robot/HW3/install/robot_description/share/robot_description/src
-- Installing: /home/mohammadreza/Robot/HW3/install/robot_description/share/robot_description/src/description
-- Installing: /home/mohammadreza/Robot/HW3/install/robot_description/share/robot_description/src/description/robot.urdf
-- Installing: /home/mohammadreza/Robot/HW3/install/robot_description/share/robot_description/src/meshes
-- Installing: /home/mohammadreza/Robot/HW3/install/robot_description/share/robot_description/src/meshes/wheel.STL
-- Installing: /home/mohammadreza/Robot/HW3/install/robot_description/share/robot_description/src/meshes/wheel.usd
-- Installing: /home/mohammadreza/Robot/HW3/install/robot_description/share/robot_description/src/meshes/Rear_Left_Caster_Wheel_Main.STL
-- Installing: /home/mohammadreza/Robot/HW3/install/robot_description/share/robot_description/src/meshes/chasis.STL
-- Installing: /home/mohammadreza/Robot/HW3/install/robot_description/share/robot_description/src/meshes/Front_Left_Caster_Wheel_Main.STL
-- Installing: /home/mohammadreza/Robot/HW3/install/robot_description/share/robot_description/src/meshes/Rear_Right_Caster_Wheel_Main.STL
-- Installing: /home/mohammadreza/Robot/HW3/install/robot_description/share/robot_description/src/meshes/zed.STL
-- Installing: /home/mohammadreza/Robot/HW3/install/robot_description/share/robot_description/src/meshes/Rear_Trailing.STL
-- Installing: /home/mohammadreza/Robot/HW3/install/robot_description/share/robot_description/src/meshes/Front_Right_Caster_Wheel_Main.STL
-- Installing: /home/mohammadreza/Robot/HW3/install/robot_description/share/robot_description/launch
-- Installing: /home/mohammadreza/Robot/HW3/install/robot_description/share/robot_description/launch/display.launch.py
-- Installing: /home/mohammadreza/Robot/HW3/install/robot_description/share/robot_description/launch/gazebo.launch.py
-- Installing: /home/mohammadreza/Robot/HW3/install/robot_description/share/robot_description/rviz
-- Installing: /home/mohammadreza/Robot/HW3/install/robot_description/share/robot_description/rviz/config.rviz
-- Installing: /home/mohammadreza/Robot/HW3/install/robot_description/share/robot_description/config
-- Installing: /home/mohammadreza/Robot/HW3/install/robot_description/share/robot_description/config/gz_bridge.yaml
-- Installing: /home/mohammadreza/Robot/HW3/install/robot_description/share/robot_description/config/rtabmap_slam.yaml
-- Installing: /home/mohammadreza/Robot/HW3/install/robot_description/share/robot_description/world
-- Installing: /home/mohammadreza/Robot/HW3/install/robot_description/share/robot_description/world/depot.sdf
-- Installing: /home/mohammadreza/Robot/HW3/install/robot_description/share/robot_description/world/test.sdf
-- Installing: /home/mohammadreza/Robot/HW3/install/robot_description/share/robot_description/scripts
-- Installing: /home/mohammadreza/Robot/HW3/install/robot_description/share/robot_description/scripts/motor_command.cpp
-- Installing: /home/mohammadreza/Robot/HW3/install/robot_description/share/robot_description/scripts/map_publisher.py
-- Installing: /home/mohammadreza/Robot/HW3/install/robot_description/share/robot_description/scripts/particle_filter.py
-- Installing: /home/mohammadreza/Robot/HW3/install/robot_description/share/robot_description/scripts/gym_gazebo_env.py
-- Installing: /home/mohammadreza/Robot/HW3/install/robot_description/share/robot_description/scripts/ekf_diff_imu.cpp
-- Installing: /home/mohammadreza/Robot/HW3/install/robot_description/share/robot_description/scripts/test_env.py
-- Installing: /home/mohammadreza/Robot/HW3/install/robot_description/share/robot_description/scripts/frame_id_converter.cpp
-- Installing: /home/mohammadreza/Robot/HW3/install/robot_description/share/robot_description/scripts/__pycache__
-- Installing: /home/mohammadreza/Robot/HW3/install/robot_description/share/robot_description/scripts/__pycache__/gym_gazebo_env.cpython-310.pyc
-- Installing: /home/mohammadreza/Robot/HW3/install/robot_description/lib/robot_description/frame_id_converter_node
-- Set non-toolchain portion of runtime path of "/home/mohammadreza/Robot/HW3/install/robot_description/lib/robot_description/frame_id_converter_node" to ""
-- Installing: /home/mohammadreza/Robot/HW3/install/robot_description/lib/robot_description/ekf_diff_imu_node
-- Set non-toolchain portion of runtime path of "/home/mohammadreza/Robot/HW3/install/robot_description/lib/robot_description/ekf_diff_imu_node" to ""
-- Installing: /home/mohammadreza/Robot/HW3/install/robot_description/lib/robot_description/motor_command_node
-- Set non-toolchain portion of runtime path of "/home/mohammadreza/Robot/HW3/install/robot_description/lib/robot_description/motor_command_node" to ""
-- Installing: /home/mohammadreza/Robot/HW3/install/robot_description/lib/robot_description/map_publisher.py
-- Installing: /home/mohammadreza/Robot/HW3/install/robot_description/lib/robot_description/particle_filter.py
-- Installing: /home/mohammadreza/Robot/HW3/install/robot_description/share/robot_description/maps
-- Installing: /home/mohammadreza/Robot/HW3/install/robot_description/share/robot_description/maps/depot.yaml
-- Installing: /home/mohammadreza/Robot/HW3/install/robot_description/share/robot_description/maps/depot.pgm
-- Installing: /home/mohammadreza/Robot/HW3/install/robot_description/share/ament_index/resource_index/package_run_dependencies/robot_description
-- Installing: /home/mohammadreza/Robot/HW3/install/robot_description/share/ament_index/resource_index/parent_prefix_path/robot_description
-- Installing: /home/mohammadreza/Robot/HW3/install/robot_description/share/robot_description/environment/ament_prefix_path.sh
-- Installing: /home/mohammadreza/Robot/HW3/install/robot_description/share/robot_description/environment/ament_prefix_path.dsv
-- Installing: /home/mohammadreza/Robot/HW3/install/robot_description/share/robot_description/environment/path.sh
-- Installing: /home/mohammadreza/Robot/HW3/install/robot_description/share/robot_description/environment/path.dsv
-- Installing: /home/mohammadreza/Robot/HW3/install/robot_description/share/robot_description/local_setup.bash
-- Installing: /home/mohammadreza/Robot/HW3/install/robot_description/share/robot_description/local_setup.sh
-- Installing: /home/mohammadreza/Robot/HW3/install/robot_description/share/robot_description/local_setup.zsh
-- Installing: /home/mohammadreza/Robot/HW3/install/robot_description/share/robot_description/local_setup.dsv
-- Installing: /home/mohammadreza/Robot/HW3/install/robot_description/share/robot_description/package.dsv
-- Installing: /home/mohammadreza/Robot/HW3/install/robot_description/share/ament_index/resource_index/packages/robot_description
-- Installing: /home/mohammadreza/Robot/HW3/install/robot_description/share/robot_description/cmake/robot_descriptionConfig.cmake
-- Installing: /home/mohammadreza/Robot/HW3/install/robot_description/share/robot_description/cmake/robot_descriptionConfig-version.cmake
-- Installing: /home/mohammadreza/Robot/HW3/install/robot_description/share/robot_description/package.xml
