[0.023s] Invoking command in '/home/mohammadreza/Robot/HW3/build/robot_description': CMAKE_PREFIX_PATH=${CMAKE_PREFIX_PATH}:/opt/ros/jazzy /usr/bin/cmake /home/mohammadreza/Robot/HW3/src/robot_description -DCMAKE_INSTALL_PREFIX=/home/mohammadreza/Robot/HW3/install/robot_description
[0.107s] -- The C compiler identification is GNU 13.3.0
[0.187s] -- The CXX compiler identification is GNU 13.3.0
[0.213s] -- Detecting C compiler ABI info
[0.351s] -- Detecting C compiler ABI info - done
[0.364s] -- Check for working C compiler: /usr/bin/cc - skipped
[0.365s] -- Detecting C compile features
[0.365s] -- Detecting C compile features - done
[0.380s] -- Detecting CXX compiler ABI info
[0.530s] -- Detecting CXX compiler ABI info - done
[0.546s] -- Check for working CXX compiler: /usr/bin/c++ - skipped
[0.546s] -- Detecting CXX compile features
[0.547s] -- Detecting CXX compile features - done
[0.553s] -- Found ament_cmake: 2.5.4 (/opt/ros/jazzy/share/ament_cmake/cmake)
[0.780s] -- Found Python3: /usr/bin/python3 (found version "3.12.3") found components: Interpreter 
[0.947s] -- Found rclcpp: 28.1.12 (/opt/ros/jazzy/share/rclcpp/cmake)
[1.023s] -- Found rosidl_generator_c: 4.6.6 (/opt/ros/jazzy/share/rosidl_generator_c/cmake)
[1.047s] -- Found rosidl_generator_cpp: 4.6.6 (/opt/ros/jazzy/share/rosidl_generator_cpp/cmake)
[1.071s] -- Using all available rosidl_typesupport_c: rosidl_typesupport_fastrtps_c;rosidl_typesupport_introspection_c
[1.098s] -- Using all available rosidl_typesupport_cpp: rosidl_typesupport_fastrtps_cpp;rosidl_typesupport_introspection_cpp
[1.217s] -- Found rmw_implementation_cmake: 7.3.2 (/opt/ros/jazzy/share/rmw_implementation_cmake/cmake)
[1.223s] -- Found rmw_fastrtps_cpp: 8.4.3 (/opt/ros/jazzy/share/rmw_fastrtps_cpp/cmake)
[1.360s] -- Found OpenSSL: /usr/lib/x86_64-linux-gnu/libcrypto.so (found version "3.0.13")  
[1.393s] -- Found FastRTPS: /opt/ros/jazzy/include (Required is at least version "2.13") 
[1.429s] -- Using RMW implementation 'rmw_fastrtps_cpp' as default
[1.547s] -- Found sensor_msgs: 5.3.6 (/opt/ros/jazzy/share/sensor_msgs/cmake)
[1.636s] -- Found nav_msgs: 5.3.6 (/opt/ros/jazzy/share/nav_msgs/cmake)
[1.676s] -- Found std_srvs: 5.3.6 (/opt/ros/jazzy/share/std_srvs/cmake)
[1.701s] -- Found tf2: 0.36.14 (/opt/ros/jazzy/share/tf2/cmake)
[1.721s] -- Found tf2_ros: 0.36.14 (/opt/ros/jazzy/share/tf2_ros/cmake)
[1.923s] -- Found rclpy: 7.1.5 (/opt/ros/jazzy/share/rclpy/cmake)
[1.932s] -- Found ament_lint_auto: 0.17.3 (/opt/ros/jazzy/share/ament_lint_auto/cmake)
[2.094s] -- Added test 'cppcheck' to perform static code analysis on C / C++ code
[2.095s] -- Configured cppcheck include dirs: 
[2.095s] -- Configured cppcheck exclude dirs and/or files: 
[2.096s] -- Added test 'flake8' to check Python code syntax and style conventions
[2.096s] -- Configured 'flake8' exclude dirs and/or files: 
[2.097s] -- Added test 'lint_cmake' to check CMake code style
[2.098s] -- Added test 'pep257' to check Python code against some of the docstring style conventions in PEP 257
[2.101s] -- Added test 'uncrustify' to check C / C++ code style
[2.101s] -- Configured uncrustify additional arguments: 
[2.102s] -- Added test 'xmllint' to check XML markup files
[2.104s] -- Configuring done (2.1s)
[2.133s] -- Generating done (0.0s)
[2.142s] -- Build files have been written to: /home/mohammadreza/Robot/HW3/build/robot_description
[2.158s] Invoked command in '/home/mohammadreza/Robot/HW3/build/robot_description' returned '0': CMAKE_PREFIX_PATH=${CMAKE_PREFIX_PATH}:/opt/ros/jazzy /usr/bin/cmake /home/mohammadreza/Robot/HW3/src/robot_description -DCMAKE_INSTALL_PREFIX=/home/mohammadreza/Robot/HW3/install/robot_description
[2.158s] Invoking command in '/home/mohammadreza/Robot/HW3/build/robot_description': CMAKE_PREFIX_PATH=${CMAKE_PREFIX_PATH}:/opt/ros/jazzy /usr/bin/cmake --build /home/mohammadreza/Robot/HW3/build/robot_description -- -j20 -l20
[2.243s] [ 50%] [32mBuilding CXX object CMakeFiles/ekf_diff_imu_node.dir/scripts/ekf_diff_imu.cpp.o[0m
[2.243s] [ 50%] [32mBuilding CXX object CMakeFiles/frame_id_converter_node.dir/scripts/frame_id_converter.cpp.o[0m
[2.244s] [ 50%] [32mBuilding CXX object CMakeFiles/motor_command_node.dir/scripts/motor_command.cpp.o[0m
[14.722s] [ 66%] [32m[1mLinking CXX executable frame_id_converter_node[0m
[15.179s] [ 66%] Built target frame_id_converter_node
[15.645s] [ 83%] [32m[1mLinking CXX executable motor_command_node[0m
[16.052s] [ 83%] Built target motor_command_node
[21.842s] [100%] [32m[1mLinking CXX executable ekf_diff_imu_node[0m
[22.464s] [100%] Built target ekf_diff_imu_node
[22.480s] Invoked command in '/home/mohammadreza/Robot/HW3/build/robot_description' returned '0': CMAKE_PREFIX_PATH=${CMAKE_PREFIX_PATH}:/opt/ros/jazzy /usr/bin/cmake --build /home/mohammadreza/Robot/HW3/build/robot_description -- -j20 -l20
[22.493s] Invoking command in '/home/mohammadreza/Robot/HW3/build/robot_description': CMAKE_PREFIX_PATH=${CMAKE_PREFIX_PATH}:/opt/ros/jazzy /usr/bin/cmake --install /home/mohammadreza/Robot/HW3/build/robot_description
[22.509s] -- Install configuration: ""
[22.509s] -- Installing: /home/mohammadreza/Robot/HW3/install/robot_description/share/robot_description/src
[22.509s] -- Installing: /home/mohammadreza/Robot/HW3/install/robot_description/share/robot_description/src/description
[22.509s] -- Installing: /home/mohammadreza/Robot/HW3/install/robot_description/share/robot_description/src/description/robot.urdf
[22.509s] -- Installing: /home/mohammadreza/Robot/HW3/install/robot_description/share/robot_description/src/meshes
[22.509s] -- Installing: /home/mohammadreza/Robot/HW3/install/robot_description/share/robot_description/src/meshes/wheel.STL
[22.509s] -- Installing: /home/mohammadreza/Robot/HW3/install/robot_description/share/robot_description/src/meshes/wheel.usd
[22.510s] -- Installing: /home/mohammadreza/Robot/HW3/install/robot_description/share/robot_description/src/meshes/Rear_Left_Caster_Wheel_Main.STL
[22.510s] -- Installing: /home/mohammadreza/Robot/HW3/install/robot_description/share/robot_description/src/meshes/chasis.STL
[22.537s] -- Installing: /home/mohammadreza/Robot/HW3/install/robot_description/share/robot_description/src/meshes/Front_Left_Caster_Wheel_Main.STL
[22.539s] -- Installing: /home/mohammadreza/Robot/HW3/install/robot_description/share/robot_description/src/meshes/Rear_Right_Caster_Wheel_Main.STL
[22.539s] -- Installing: /home/mohammadreza/Robot/HW3/install/robot_description/share/robot_description/src/meshes/zed.STL
[22.540s] -- Installing: /home/mohammadreza/Robot/HW3/install/robot_description/share/robot_description/src/meshes/Rear_Trailing.STL
[22.543s] -- Installing: /home/mohammadreza/Robot/HW3/install/robot_description/share/robot_description/src/meshes/Front_Right_Caster_Wheel_Main.STL
[22.543s] -- Installing: /home/mohammadreza/Robot/HW3/install/robot_description/share/robot_description/launch
[22.543s] -- Installing: /home/mohammadreza/Robot/HW3/install/robot_description/share/robot_description/launch/display.launch.py
[22.543s] -- Installing: /home/mohammadreza/Robot/HW3/install/robot_description/share/robot_description/launch/gazebo.launch.py
[22.543s] -- Installing: /home/mohammadreza/Robot/HW3/install/robot_description/share/robot_description/rviz
[22.543s] -- Installing: /home/mohammadreza/Robot/HW3/install/robot_description/share/robot_description/rviz/config.rviz
[22.544s] -- Installing: /home/mohammadreza/Robot/HW3/install/robot_description/share/robot_description/config
[22.544s] -- Installing: /home/mohammadreza/Robot/HW3/install/robot_description/share/robot_description/config/gz_bridge.yaml
[22.544s] -- Installing: /home/mohammadreza/Robot/HW3/install/robot_description/share/robot_description/config/rtabmap_slam.yaml
[22.544s] -- Installing: /home/mohammadreza/Robot/HW3/install/robot_description/share/robot_description/world
[22.544s] -- Installing: /home/mohammadreza/Robot/HW3/install/robot_description/share/robot_description/world/depot.sdf
[22.544s] -- Installing: /home/mohammadreza/Robot/HW3/install/robot_description/share/robot_description/world/test.sdf
[22.544s] -- Installing: /home/mohammadreza/Robot/HW3/install/robot_description/share/robot_description/scripts
[22.544s] -- Installing: /home/mohammadreza/Robot/HW3/install/robot_description/share/robot_description/scripts/motor_command.cpp
[22.544s] -- Installing: /home/mohammadreza/Robot/HW3/install/robot_description/share/robot_description/scripts/map_publisher.py
[22.544s] -- Installing: /home/mohammadreza/Robot/HW3/install/robot_description/share/robot_description/scripts/particle_filter.py
[22.545s] -- Installing: /home/mohammadreza/Robot/HW3/install/robot_description/share/robot_description/scripts/gym_gazebo_env.py
[22.545s] -- Installing: /home/mohammadreza/Robot/HW3/install/robot_description/share/robot_description/scripts/ekf_diff_imu.cpp
[22.545s] -- Installing: /home/mohammadreza/Robot/HW3/install/robot_description/share/robot_description/scripts/test_env.py
[22.545s] -- Installing: /home/mohammadreza/Robot/HW3/install/robot_description/share/robot_description/scripts/frame_id_converter.cpp
[22.545s] -- Installing: /home/mohammadreza/Robot/HW3/install/robot_description/share/robot_description/scripts/__pycache__
[22.545s] -- Installing: /home/mohammadreza/Robot/HW3/install/robot_description/share/robot_description/scripts/__pycache__/gym_gazebo_env.cpython-310.pyc
[22.545s] -- Installing: /home/mohammadreza/Robot/HW3/install/robot_description/lib/robot_description/frame_id_converter_node
[22.550s] -- Set non-toolchain portion of runtime path of "/home/mohammadreza/Robot/HW3/install/robot_description/lib/robot_description/frame_id_converter_node" to ""
[22.550s] -- Installing: /home/mohammadreza/Robot/HW3/install/robot_description/lib/robot_description/ekf_diff_imu_node
[22.559s] -- Set non-toolchain portion of runtime path of "/home/mohammadreza/Robot/HW3/install/robot_description/lib/robot_description/ekf_diff_imu_node" to ""
[22.559s] -- Installing: /home/mohammadreza/Robot/HW3/install/robot_description/lib/robot_description/motor_command_node
[22.564s] -- Set non-toolchain portion of runtime path of "/home/mohammadreza/Robot/HW3/install/robot_description/lib/robot_description/motor_command_node" to ""
[22.565s] -- Installing: /home/mohammadreza/Robot/HW3/install/robot_description/lib/robot_description/map_publisher.py
[22.565s] -- Installing: /home/mohammadreza/Robot/HW3/install/robot_description/lib/robot_description/particle_filter.py
[22.565s] -- Installing: /home/mohammadreza/Robot/HW3/install/robot_description/share/robot_description/maps
[22.565s] -- Installing: /home/mohammadreza/Robot/HW3/install/robot_description/share/robot_description/maps/depot.yaml
[22.565s] -- Installing: /home/mohammadreza/Robot/HW3/install/robot_description/share/robot_description/maps/depot.pgm
[22.565s] -- Installing: /home/mohammadreza/Robot/HW3/install/robot_description/share/ament_index/resource_index/package_run_dependencies/robot_description
[22.565s] -- Installing: /home/mohammadreza/Robot/HW3/install/robot_description/share/ament_index/resource_index/parent_prefix_path/robot_description
[22.566s] -- Installing: /home/mohammadreza/Robot/HW3/install/robot_description/share/robot_description/environment/ament_prefix_path.sh
[22.566s] -- Installing: /home/mohammadreza/Robot/HW3/install/robot_description/share/robot_description/environment/ament_prefix_path.dsv
[22.566s] -- Installing: /home/mohammadreza/Robot/HW3/install/robot_description/share/robot_description/environment/path.sh
[22.566s] -- Installing: /home/mohammadreza/Robot/HW3/install/robot_description/share/robot_description/environment/path.dsv
[22.566s] -- Installing: /home/mohammadreza/Robot/HW3/install/robot_description/share/robot_description/local_setup.bash
[22.566s] -- Installing: /home/mohammadreza/Robot/HW3/install/robot_description/share/robot_description/local_setup.sh
[22.566s] -- Installing: /home/mohammadreza/Robot/HW3/install/robot_description/share/robot_description/local_setup.zsh
[22.566s] -- Installing: /home/mohammadreza/Robot/HW3/install/robot_description/share/robot_description/local_setup.dsv
[22.566s] -- Installing: /home/mohammadreza/Robot/HW3/install/robot_description/share/robot_description/package.dsv
[22.567s] -- Installing: /home/mohammadreza/Robot/HW3/install/robot_description/share/ament_index/resource_index/packages/robot_description
[22.567s] -- Installing: /home/mohammadreza/Robot/HW3/install/robot_description/share/robot_description/cmake/robot_descriptionConfig.cmake
[22.567s] -- Installing: /home/mohammadreza/Robot/HW3/install/robot_description/share/robot_description/cmake/robot_descriptionConfig-version.cmake
[22.567s] -- Installing: /home/mohammadreza/Robot/HW3/install/robot_description/share/robot_description/package.xml
[22.569s] Invoked command in '/home/mohammadreza/Robot/HW3/build/robot_description' returned '0': CMAKE_PREFIX_PATH=${CMAKE_PREFIX_PATH}:/opt/ros/jazzy /usr/bin/cmake --install /home/mohammadreza/Robot/HW3/build/robot_description
