[0.256s] DEBUG:colcon:Command line arguments: ['/usr/bin/colcon', 'build']
[0.256s] DEBUG:colcon:Parsed command line arguments: Namespace(log_base=None, log_level=None, verb_name='build', build_base='build', install_base='install', merge_install=False, symlink_install=False, test_result_base=None, continue_on_error=False, executor='parallel', parallel_workers=20, event_handlers=None, ignore_user_meta=False, metas=['./colcon.meta'], base_paths=['.'], packages_ignore=None, packages_ignore_regex=None, paths=None, packages_up_to=None, packages_up_to_regex=None, packages_above=None, packages_above_and_dependencies=None, packages_above_depth=None, packages_select_by_dep=None, packages_skip_by_dep=None, packages_skip_up_to=None, packages_select_build_failed=False, packages_skip_build_finished=False, packages_select_test_failures=False, packages_skip_test_passed=False, packages_select=None, packages_skip=None, packages_select_regex=None, packages_skip_regex=None, packages_start=None, packages_end=None, allow_overriding=[], cmake_args=None, cmake_target=None, cmake_target_skip_unavailable=False, cmake_clean_cache=False, cmake_clean_first=False, cmake_force_configure=False, ament_cmake_args=None, catkin_cmake_args=None, catkin_skip_building_tests=False, mixin_files=None, mixin=None, verb_parser=<colcon_mixin.mixin.mixin_argument.MixinArgumentDecorator object at 0x72529fefc560>, verb_extension=<colcon_core.verb.build.BuildVerb object at 0x72529fe36810>, main=<bound method BuildVerb.main of <colcon_core.verb.build.BuildVerb object at 0x72529fe36810>>, mixin_verb=('build',))
[0.314s] Level 1:colcon.colcon_core.package_discovery:discover_packages(colcon_meta) check parameters
[0.314s] Level 1:colcon.colcon_core.package_discovery:discover_packages(recursive) check parameters
[0.314s] Level 1:colcon.colcon_core.package_discovery:discover_packages(ignore) check parameters
[0.314s] Level 1:colcon.colcon_core.package_discovery:discover_packages(path) check parameters
[0.314s] Level 1:colcon.colcon_core.package_discovery:discover_packages(colcon_meta) discover
[0.314s] Level 1:colcon.colcon_core.package_discovery:discover_packages(recursive) discover
[0.314s] INFO:colcon.colcon_core.package_discovery:Crawling recursively for packages in '/home/mohammadreza/term5/robotics_ws'
[0.314s] Level 1:colcon.colcon_core.package_identification:_identify(.) by extensions ['ignore', 'ignore_ament_install']
[0.314s] Level 1:colcon.colcon_core.package_identification:_identify(.) by extension 'ignore'
[0.314s] Level 1:colcon.colcon_core.package_identification:_identify(.) by extension 'ignore_ament_install'
[0.314s] Level 1:colcon.colcon_core.package_identification:_identify(.) by extensions ['colcon_pkg']
[0.314s] Level 1:colcon.colcon_core.package_identification:_identify(.) by extension 'colcon_pkg'
[0.314s] Level 1:colcon.colcon_core.package_identification:_identify(.) by extensions ['colcon_meta']
[0.314s] Level 1:colcon.colcon_core.package_identification:_identify(.) by extension 'colcon_meta'
[0.315s] Level 1:colcon.colcon_core.package_identification:_identify(.) by extensions ['ros']
[0.315s] Level 1:colcon.colcon_core.package_identification:_identify(.) by extension 'ros'
[0.347s] Level 1:colcon.colcon_core.package_identification:_identify(.) by extensions ['cmake', 'python']
[0.347s] Level 1:colcon.colcon_core.package_identification:_identify(.) by extension 'cmake'
[0.347s] Level 1:colcon.colcon_core.package_identification:_identify(.) by extension 'python'
[0.348s] Level 1:colcon.colcon_core.package_identification:_identify(.) by extensions ['python_setup_py']
[0.348s] Level 1:colcon.colcon_core.package_identification:_identify(.) by extension 'python_setup_py'
[0.348s] Level 1:colcon.colcon_core.package_identification:_identify(build) by extensions ['ignore', 'ignore_ament_install']
[0.348s] Level 1:colcon.colcon_core.package_identification:_identify(build) by extension 'ignore'
[0.348s] Level 1:colcon.colcon_core.package_identification:_identify(build) ignored
[0.348s] Level 1:colcon.colcon_core.package_identification:_identify(install) by extensions ['ignore', 'ignore_ament_install']
[0.348s] Level 1:colcon.colcon_core.package_identification:_identify(install) by extension 'ignore'
[0.348s] Level 1:colcon.colcon_core.package_identification:_identify(install) ignored
[0.348s] Level 1:colcon.colcon_core.package_identification:_identify(log) by extensions ['ignore', 'ignore_ament_install']
[0.348s] Level 1:colcon.colcon_core.package_identification:_identify(log) by extension 'ignore'
[0.348s] Level 1:colcon.colcon_core.package_identification:_identify(log) ignored
[0.348s] Level 1:colcon.colcon_core.package_identification:_identify(src) by extensions ['ignore', 'ignore_ament_install']
[0.349s] Level 1:colcon.colcon_core.package_identification:_identify(src) by extension 'ignore'
[0.349s] Level 1:colcon.colcon_core.package_identification:_identify(src) by extension 'ignore_ament_install'
[0.349s] Level 1:colcon.colcon_core.package_identification:_identify(src) by extensions ['colcon_pkg']
[0.349s] Level 1:colcon.colcon_core.package_identification:_identify(src) by extension 'colcon_pkg'
[0.349s] Level 1:colcon.colcon_core.package_identification:_identify(src) by extensions ['colcon_meta']
[0.349s] Level 1:colcon.colcon_core.package_identification:_identify(src) by extension 'colcon_meta'
[0.349s] Level 1:colcon.colcon_core.package_identification:_identify(src) by extensions ['ros']
[0.349s] Level 1:colcon.colcon_core.package_identification:_identify(src) by extension 'ros'
[0.349s] Level 1:colcon.colcon_core.package_identification:_identify(src) by extensions ['cmake', 'python']
[0.349s] Level 1:colcon.colcon_core.package_identification:_identify(src) by extension 'cmake'
[0.349s] Level 1:colcon.colcon_core.package_identification:_identify(src) by extension 'python'
[0.349s] Level 1:colcon.colcon_core.package_identification:_identify(src) by extensions ['python_setup_py']
[0.349s] Level 1:colcon.colcon_core.package_identification:_identify(src) by extension 'python_setup_py'
[0.349s] Level 1:colcon.colcon_core.package_identification:_identify(src/robotic_course) by extensions ['ignore', 'ignore_ament_install']
[0.349s] Level 1:colcon.colcon_core.package_identification:_identify(src/robotic_course) by extension 'ignore'
[0.349s] Level 1:colcon.colcon_core.package_identification:_identify(src/robotic_course) by extension 'ignore_ament_install'
[0.349s] Level 1:colcon.colcon_core.package_identification:_identify(src/robotic_course) by extensions ['colcon_pkg']
[0.349s] Level 1:colcon.colcon_core.package_identification:_identify(src/robotic_course) by extension 'colcon_pkg'
[0.349s] Level 1:colcon.colcon_core.package_identification:_identify(src/robotic_course) by extensions ['colcon_meta']
[0.349s] Level 1:colcon.colcon_core.package_identification:_identify(src/robotic_course) by extension 'colcon_meta'
[0.349s] Level 1:colcon.colcon_core.package_identification:_identify(src/robotic_course) by extensions ['ros']
[0.349s] Level 1:colcon.colcon_core.package_identification:_identify(src/robotic_course) by extension 'ros'
[0.350s] Level 1:colcon.colcon_core.package_identification:_identify(src/robotic_course) by extensions ['cmake', 'python']
[0.350s] Level 1:colcon.colcon_core.package_identification:_identify(src/robotic_course) by extension 'cmake'
[0.350s] Level 1:colcon.colcon_core.package_identification:_identify(src/robotic_course) by extension 'python'
[0.350s] Level 1:colcon.colcon_core.package_identification:_identify(src/robotic_course) by extensions ['python_setup_py']
[0.350s] Level 1:colcon.colcon_core.package_identification:_identify(src/robotic_course) by extension 'python_setup_py'
[0.350s] Level 1:colcon.colcon_core.package_identification:_identify(src/robotic_course/robot_autonomy) by extensions ['ignore', 'ignore_ament_install']
[0.350s] Level 1:colcon.colcon_core.package_identification:_identify(src/robotic_course/robot_autonomy) by extension 'ignore'
[0.350s] Level 1:colcon.colcon_core.package_identification:_identify(src/robotic_course/robot_autonomy) by extension 'ignore_ament_install'
[0.350s] Level 1:colcon.colcon_core.package_identification:_identify(src/robotic_course/robot_autonomy) by extensions ['colcon_pkg']
[0.350s] Level 1:colcon.colcon_core.package_identification:_identify(src/robotic_course/robot_autonomy) by extension 'colcon_pkg'
[0.350s] Level 1:colcon.colcon_core.package_identification:_identify(src/robotic_course/robot_autonomy) by extensions ['colcon_meta']
[0.350s] Level 1:colcon.colcon_core.package_identification:_identify(src/robotic_course/robot_autonomy) by extension 'colcon_meta'
[0.350s] Level 1:colcon.colcon_core.package_identification:_identify(src/robotic_course/robot_autonomy) by extensions ['ros']
[0.350s] Level 1:colcon.colcon_core.package_identification:_identify(src/robotic_course/robot_autonomy) by extension 'ros'
[0.350s] Level 1:colcon.colcon_core.package_identification:_identify(src/robotic_course/robot_autonomy) by extensions ['cmake', 'python']
[0.350s] Level 1:colcon.colcon_core.package_identification:_identify(src/robotic_course/robot_autonomy) by extension 'cmake'
[0.350s] Level 1:colcon.colcon_core.package_identification:_identify(src/robotic_course/robot_autonomy) by extension 'python'
[0.350s] Level 1:colcon.colcon_core.package_identification:_identify(src/robotic_course/robot_autonomy) by extensions ['python_setup_py']
[0.350s] Level 1:colcon.colcon_core.package_identification:_identify(src/robotic_course/robot_autonomy) by extension 'python_setup_py'
[0.350s] Level 1:colcon.colcon_core.package_identification:_identify(src/robotic_course/robot_autonomy/robot_local_localization) by extensions ['ignore', 'ignore_ament_install']
[0.351s] Level 1:colcon.colcon_core.package_identification:_identify(src/robotic_course/robot_autonomy/robot_local_localization) by extension 'ignore'
[0.351s] Level 1:colcon.colcon_core.package_identification:_identify(src/robotic_course/robot_autonomy/robot_local_localization) by extension 'ignore_ament_install'
[0.351s] Level 1:colcon.colcon_core.package_identification:_identify(src/robotic_course/robot_autonomy/robot_local_localization) by extensions ['colcon_pkg']
[0.351s] Level 1:colcon.colcon_core.package_identification:_identify(src/robotic_course/robot_autonomy/robot_local_localization) by extension 'colcon_pkg'
[0.351s] Level 1:colcon.colcon_core.package_identification:_identify(src/robotic_course/robot_autonomy/robot_local_localization) by extensions ['colcon_meta']
[0.351s] Level 1:colcon.colcon_core.package_identification:_identify(src/robotic_course/robot_autonomy/robot_local_localization) by extension 'colcon_meta'
[0.351s] Level 1:colcon.colcon_core.package_identification:_identify(src/robotic_course/robot_autonomy/robot_local_localization) by extensions ['ros']
[0.351s] Level 1:colcon.colcon_core.package_identification:_identify(src/robotic_course/robot_autonomy/robot_local_localization) by extension 'ros'
[0.355s] DEBUG:colcon.colcon_core.package_identification:Package 'src/robotic_course/robot_autonomy/robot_local_localization' with type 'ros.ament_python' and name 'robot_local_localization'
[0.355s] Level 1:colcon.colcon_core.package_identification:_identify(src/robotic_course/robot_description) by extensions ['ignore', 'ignore_ament_install']
[0.355s] Level 1:colcon.colcon_core.package_identification:_identify(src/robotic_course/robot_description) by extension 'ignore'
[0.355s] Level 1:colcon.colcon_core.package_identification:_identify(src/robotic_course/robot_description) by extension 'ignore_ament_install'
[0.355s] Level 1:colcon.colcon_core.package_identification:_identify(src/robotic_course/robot_description) by extensions ['colcon_pkg']
[0.355s] Level 1:colcon.colcon_core.package_identification:_identify(src/robotic_course/robot_description) by extension 'colcon_pkg'
[0.355s] Level 1:colcon.colcon_core.package_identification:_identify(src/robotic_course/robot_description) by extensions ['colcon_meta']
[0.355s] Level 1:colcon.colcon_core.package_identification:_identify(src/robotic_course/robot_description) by extension 'colcon_meta'
[0.355s] Level 1:colcon.colcon_core.package_identification:_identify(src/robotic_course/robot_description) by extensions ['ros']
[0.355s] Level 1:colcon.colcon_core.package_identification:_identify(src/robotic_course/robot_description) by extension 'ros'
[0.356s] DEBUG:colcon.colcon_core.package_identification:Package 'src/robotic_course/robot_description' with type 'ros.ament_cmake' and name 'robot_description'
[0.356s] Level 1:colcon.colcon_core.package_discovery:discover_packages(recursive) using defaults
[0.356s] Level 1:colcon.colcon_core.package_discovery:discover_packages(ignore) discover
[0.356s] Level 1:colcon.colcon_core.package_discovery:discover_packages(ignore) using defaults
[0.356s] Level 1:colcon.colcon_core.package_discovery:discover_packages(path) discover
[0.357s] Level 1:colcon.colcon_core.package_discovery:discover_packages(path) using defaults
[0.384s] Level 1:colcon.colcon_core.package_discovery:discover_packages(prefix_path) check parameters
[0.384s] Level 1:colcon.colcon_core.package_discovery:discover_packages(prefix_path) discover
[0.387s] WARNING:colcon.colcon_ros.prefix_path.ament:The path '/home/mohammadreza/term5/robotics_ws/install/robot_local_localization' in the environment variable AMENT_PREFIX_PATH doesn't exist
[0.387s] WARNING:colcon.colcon_ros.prefix_path.ament:The path '/home/mohammadreza/term5/robotics_ws/install/robot_description' in the environment variable AMENT_PREFIX_PATH doesn't exist
[0.387s] WARNING:colcon.colcon_ros.prefix_path.catkin:The path '/home/mohammadreza/term5/robotics_ws/install/robot_description' in the environment variable CMAKE_PREFIX_PATH doesn't exist
[0.388s] DEBUG:colcon.colcon_installed_package_information.package_discovery:Found 0 installed packages in /home/mohammadreza/term5/robotics_ws/install
[0.390s] DEBUG:colcon.colcon_installed_package_information.package_discovery:Found 340 installed packages in /opt/ros/jazzy
[0.391s] Level 1:colcon.colcon_core.package_discovery:discover_packages(prefix_path) using defaults
[0.443s] Level 5:colcon.colcon_core.verb:set package 'robot_description' build argument 'cmake_args' from command line to 'None'
[0.443s] Level 5:colcon.colcon_core.verb:set package 'robot_description' build argument 'cmake_target' from command line to 'None'
[0.443s] Level 5:colcon.colcon_core.verb:set package 'robot_description' build argument 'cmake_target_skip_unavailable' from command line to 'False'
[0.443s] Level 5:colcon.colcon_core.verb:set package 'robot_description' build argument 'cmake_clean_cache' from command line to 'False'
[0.443s] Level 5:colcon.colcon_core.verb:set package 'robot_description' build argument 'cmake_clean_first' from command line to 'False'
[0.443s] Level 5:colcon.colcon_core.verb:set package 'robot_description' build argument 'cmake_force_configure' from command line to 'False'
[0.443s] Level 5:colcon.colcon_core.verb:set package 'robot_description' build argument 'ament_cmake_args' from command line to 'None'
[0.443s] Level 5:colcon.colcon_core.verb:set package 'robot_description' build argument 'catkin_cmake_args' from command line to 'None'
[0.443s] Level 5:colcon.colcon_core.verb:set package 'robot_description' build argument 'catkin_skip_building_tests' from command line to 'False'
[0.443s] DEBUG:colcon.colcon_core.verb:Building package 'robot_description' with the following arguments: {'ament_cmake_args': None, 'build_base': '/home/mohammadreza/term5/robotics_ws/build/robot_description', 'catkin_cmake_args': None, 'catkin_skip_building_tests': False, 'cmake_args': None, 'cmake_clean_cache': False, 'cmake_clean_first': False, 'cmake_force_configure': False, 'cmake_target': None, 'cmake_target_skip_unavailable': False, 'install_base': '/home/mohammadreza/term5/robotics_ws/install/robot_description', 'merge_install': False, 'path': '/home/mohammadreza/term5/robotics_ws/src/robotic_course/robot_description', 'symlink_install': False, 'test_result_base': None}
[0.443s] Level 5:colcon.colcon_core.verb:set package 'robot_local_localization' build argument 'cmake_args' from command line to 'None'
[0.443s] Level 5:colcon.colcon_core.verb:set package 'robot_local_localization' build argument 'cmake_target' from command line to 'None'
[0.443s] Level 5:colcon.colcon_core.verb:set package 'robot_local_localization' build argument 'cmake_target_skip_unavailable' from command line to 'False'
[0.443s] Level 5:colcon.colcon_core.verb:set package 'robot_local_localization' build argument 'cmake_clean_cache' from command line to 'False'
[0.443s] Level 5:colcon.colcon_core.verb:set package 'robot_local_localization' build argument 'cmake_clean_first' from command line to 'False'
[0.443s] Level 5:colcon.colcon_core.verb:set package 'robot_local_localization' build argument 'cmake_force_configure' from command line to 'False'
[0.443s] Level 5:colcon.colcon_core.verb:set package 'robot_local_localization' build argument 'ament_cmake_args' from command line to 'None'
[0.443s] Level 5:colcon.colcon_core.verb:set package 'robot_local_localization' build argument 'catkin_cmake_args' from command line to 'None'
[0.443s] Level 5:colcon.colcon_core.verb:set package 'robot_local_localization' build argument 'catkin_skip_building_tests' from command line to 'False'
[0.443s] DEBUG:colcon.colcon_core.verb:Building package 'robot_local_localization' with the following arguments: {'ament_cmake_args': None, 'build_base': '/home/mohammadreza/term5/robotics_ws/build/robot_local_localization', 'catkin_cmake_args': None, 'catkin_skip_building_tests': False, 'cmake_args': None, 'cmake_clean_cache': False, 'cmake_clean_first': False, 'cmake_force_configure': False, 'cmake_target': None, 'cmake_target_skip_unavailable': False, 'install_base': '/home/mohammadreza/term5/robotics_ws/install/robot_local_localization', 'merge_install': False, 'path': '/home/mohammadreza/term5/robotics_ws/src/robotic_course/robot_autonomy/robot_local_localization', 'symlink_install': False, 'test_result_base': None}
[0.444s] INFO:colcon.colcon_core.executor:Executing jobs using 'parallel' executor
[0.445s] DEBUG:colcon.colcon_parallel_executor.executor.parallel:run_until_complete
[0.445s] INFO:colcon.colcon_ros.task.ament_cmake.build:Building ROS package in '/home/mohammadreza/term5/robotics_ws/src/robotic_course/robot_description' with build type 'ament_cmake'
[0.445s] INFO:colcon.colcon_cmake.task.cmake.build:Building CMake package in '/home/mohammadreza/term5/robotics_ws/src/robotic_course/robot_description'
[0.452s] INFO:colcon.colcon_core.plugin_system:Skipping extension 'colcon_core.shell.bat': Not used on non-Windows systems
[0.453s] INFO:colcon.colcon_core.shell:Skip shell extension 'powershell' for command environment: Not usable outside of PowerShell
[0.453s] DEBUG:colcon.colcon_core.shell:Skip shell extension 'dsv' for command environment
[0.457s] INFO:colcon.colcon_ros.task.ament_python.build:Building ROS package in '/home/mohammadreza/term5/robotics_ws/src/robotic_course/robot_autonomy/robot_local_localization' with build type 'ament_python'
[0.457s] Level 1:colcon.colcon_core.shell:create_environment_hook('robot_local_localization', 'ament_prefix_path')
[0.457s] INFO:colcon.colcon_core.shell:Creating environment hook '/home/mohammadreza/term5/robotics_ws/install/robot_local_localization/share/robot_local_localization/hook/ament_prefix_path.ps1'
[0.458s] INFO:colcon.colcon_core.shell:Creating environment descriptor '/home/mohammadreza/term5/robotics_ws/install/robot_local_localization/share/robot_local_localization/hook/ament_prefix_path.dsv'
[0.459s] INFO:colcon.colcon_core.shell:Creating environment hook '/home/mohammadreza/term5/robotics_ws/install/robot_local_localization/share/robot_local_localization/hook/ament_prefix_path.sh'
[0.460s] INFO:colcon.colcon_core.shell:Skip shell extension 'powershell' for command environment: Not usable outside of PowerShell
[0.460s] DEBUG:colcon.colcon_core.shell:Skip shell extension 'dsv' for command environment
[0.469s] DEBUG:colcon.colcon_core.event_handler.log_command:Invoking command in '/home/mohammadreza/term5/robotics_ws/build/robot_description': CMAKE_PREFIX_PATH=${CMAKE_PREFIX_PATH}:/home/mohammadreza/term5/robotics_ws/install/robot_local_localization:/opt/ros/jazzy /usr/bin/cmake /home/mohammadreza/term5/robotics_ws/src/robotic_course/robot_description -DCMAKE_INSTALL_PREFIX=/home/mohammadreza/term5/robotics_ws/install/robot_description
[0.810s] INFO:colcon.colcon_core.task.python.build:Building Python package in '/home/mohammadreza/term5/robotics_ws/src/robotic_course/robot_autonomy/robot_local_localization'
[0.810s] INFO:colcon.colcon_core.shell:Skip shell extension 'powershell' for command environment: Not usable outside of PowerShell
[0.810s] DEBUG:colcon.colcon_core.shell:Skip shell extension 'dsv' for command environment
[1.766s] DEBUG:colcon.colcon_core.event_handler.log_command:Invoking command in '/home/mohammadreza/term5/robotics_ws/src/robotic_course/robot_autonomy/robot_local_localization': PYTHONPATH=/home/mohammadreza/term5/robotics_ws/build/robot_local_localization/prefix_override:/usr/lib/python3/dist-packages/colcon_core/task/python/colcon_distutils_commands:/home/mohammadreza/term5/robotics_ws/install/robot_local_localization/lib/python3.12/site-packages:${PYTHONPATH} /usr/bin/python3 -W ignore:setup.py install is deprecated -W ignore:easy_install command is deprecated setup.py egg_info --egg-base ../../../../build/robot_local_localization build --build-base /home/mohammadreza/term5/robotics_ws/build/robot_local_localization/build install --record /home/mohammadreza/term5/robotics_ws/build/robot_local_localization/install.log --single-version-externally-managed install_data
[2.716s] DEBUG:colcon.colcon_core.event_handler.log_command:Invoked command in '/home/mohammadreza/term5/robotics_ws/src/robotic_course/robot_autonomy/robot_local_localization' returned '0': PYTHONPATH=/home/mohammadreza/term5/robotics_ws/build/robot_local_localization/prefix_override:/usr/lib/python3/dist-packages/colcon_core/task/python/colcon_distutils_commands:/home/mohammadreza/term5/robotics_ws/install/robot_local_localization/lib/python3.12/site-packages:${PYTHONPATH} /usr/bin/python3 -W ignore:setup.py install is deprecated -W ignore:easy_install command is deprecated setup.py egg_info --egg-base ../../../../build/robot_local_localization build --build-base /home/mohammadreza/term5/robotics_ws/build/robot_local_localization/build install --record /home/mohammadreza/term5/robotics_ws/build/robot_local_localization/install.log --single-version-externally-managed install_data
[2.726s] Level 1:colcon.colcon_core.environment:checking '/home/mohammadreza/term5/robotics_ws/install/robot_local_localization' for CMake module files
[2.728s] Level 1:colcon.colcon_core.environment:checking '/home/mohammadreza/term5/robotics_ws/install/robot_local_localization' for CMake config files
[2.729s] Level 1:colcon.colcon_core.environment:checking '/home/mohammadreza/term5/robotics_ws/install/robot_local_localization/lib'
[2.729s] Level 1:colcon.colcon_core.environment:checking '/home/mohammadreza/term5/robotics_ws/install/robot_local_localization/bin'
[2.729s] Level 1:colcon.colcon_core.environment:checking '/home/mohammadreza/term5/robotics_ws/install/robot_local_localization/lib/pkgconfig/robot_local_localization.pc'
[2.730s] Level 1:colcon.colcon_core.environment:checking '/home/mohammadreza/term5/robotics_ws/install/robot_local_localization/lib/python3.12/site-packages'
[2.730s] Level 1:colcon.colcon_core.shell:create_environment_hook('robot_local_localization', 'pythonpath')
[2.730s] INFO:colcon.colcon_core.shell:Creating environment hook '/home/mohammadreza/term5/robotics_ws/install/robot_local_localization/share/robot_local_localization/hook/pythonpath.ps1'
[2.731s] INFO:colcon.colcon_core.shell:Creating environment descriptor '/home/mohammadreza/term5/robotics_ws/install/robot_local_localization/share/robot_local_localization/hook/pythonpath.dsv'
[2.731s] INFO:colcon.colcon_core.shell:Creating environment hook '/home/mohammadreza/term5/robotics_ws/install/robot_local_localization/share/robot_local_localization/hook/pythonpath.sh'
[2.732s] Level 1:colcon.colcon_core.environment:checking '/home/mohammadreza/term5/robotics_ws/install/robot_local_localization/bin'
[2.732s] Level 1:colcon.colcon_core.environment:create_environment_scripts_only(robot_local_localization)
[2.733s] INFO:colcon.colcon_core.shell:Creating package script '/home/mohammadreza/term5/robotics_ws/install/robot_local_localization/share/robot_local_localization/package.ps1'
[2.734s] INFO:colcon.colcon_core.shell:Creating package descriptor '/home/mohammadreza/term5/robotics_ws/install/robot_local_localization/share/robot_local_localization/package.dsv'
[2.735s] INFO:colcon.colcon_core.shell:Creating package script '/home/mohammadreza/term5/robotics_ws/install/robot_local_localization/share/robot_local_localization/package.sh'
[2.736s] INFO:colcon.colcon_core.shell:Creating package script '/home/mohammadreza/term5/robotics_ws/install/robot_local_localization/share/robot_local_localization/package.bash'
[2.737s] INFO:colcon.colcon_core.shell:Creating package script '/home/mohammadreza/term5/robotics_ws/install/robot_local_localization/share/robot_local_localization/package.zsh'
[2.737s] Level 1:colcon.colcon_core.environment:create_file_with_runtime_dependencies(/home/mohammadreza/term5/robotics_ws/install/robot_local_localization/share/colcon-core/packages/robot_local_localization)
[3.190s] DEBUG:colcon.colcon_core.event_handler.log_command:Invoked command in '/home/mohammadreza/term5/robotics_ws/build/robot_description' returned '0': CMAKE_PREFIX_PATH=${CMAKE_PREFIX_PATH}:/home/mohammadreza/term5/robotics_ws/install/robot_local_localization:/opt/ros/jazzy /usr/bin/cmake /home/mohammadreza/term5/robotics_ws/src/robotic_course/robot_description -DCMAKE_INSTALL_PREFIX=/home/mohammadreza/term5/robotics_ws/install/robot_description
[3.191s] DEBUG:colcon.colcon_core.event_handler.log_command:Invoking command in '/home/mohammadreza/term5/robotics_ws/build/robot_description': CMAKE_PREFIX_PATH=${CMAKE_PREFIX_PATH}:/home/mohammadreza/term5/robotics_ws/install/robot_local_localization:/opt/ros/jazzy /usr/bin/cmake --build /home/mohammadreza/term5/robotics_ws/build/robot_description -- -j20 -l20
[24.394s] DEBUG:colcon.colcon_core.event_handler.log_command:Invoked command in '/home/mohammadreza/term5/robotics_ws/build/robot_description' returned '0': CMAKE_PREFIX_PATH=${CMAKE_PREFIX_PATH}:/home/mohammadreza/term5/robotics_ws/install/robot_local_localization:/opt/ros/jazzy /usr/bin/cmake --build /home/mohammadreza/term5/robotics_ws/build/robot_description -- -j20 -l20
[24.408s] DEBUG:colcon.colcon_core.event_handler.log_command:Invoking command in '/home/mohammadreza/term5/robotics_ws/build/robot_description': CMAKE_PREFIX_PATH=${CMAKE_PREFIX_PATH}:/home/mohammadreza/term5/robotics_ws/install/robot_local_localization:/opt/ros/jazzy /usr/bin/cmake --install /home/mohammadreza/term5/robotics_ws/build/robot_description
[24.478s] Level 1:colcon.colcon_core.environment:create_environment_scripts_only(robot_description)
[24.478s] Level 1:colcon.colcon_core.environment:checking '/home/mohammadreza/term5/robotics_ws/install/robot_description' for CMake module files
[24.479s] DEBUG:colcon.colcon_core.event_handler.log_command:Invoked command in '/home/mohammadreza/term5/robotics_ws/build/robot_description' returned '0': CMAKE_PREFIX_PATH=${CMAKE_PREFIX_PATH}:/home/mohammadreza/term5/robotics_ws/install/robot_local_localization:/opt/ros/jazzy /usr/bin/cmake --install /home/mohammadreza/term5/robotics_ws/build/robot_description
[24.479s] Level 1:colcon.colcon_core.environment:checking '/home/mohammadreza/term5/robotics_ws/install/robot_description' for CMake config files
[24.480s] Level 1:colcon.colcon_core.shell:create_environment_hook('robot_description', 'cmake_prefix_path')
[24.480s] INFO:colcon.colcon_core.shell:Creating environment hook '/home/mohammadreza/term5/robotics_ws/install/robot_description/share/robot_description/hook/cmake_prefix_path.ps1'
[24.481s] INFO:colcon.colcon_core.shell:Creating environment descriptor '/home/mohammadreza/term5/robotics_ws/install/robot_description/share/robot_description/hook/cmake_prefix_path.dsv'
[24.481s] INFO:colcon.colcon_core.shell:Creating environment hook '/home/mohammadreza/term5/robotics_ws/install/robot_description/share/robot_description/hook/cmake_prefix_path.sh'
[24.482s] Level 1:colcon.colcon_core.environment:checking '/home/mohammadreza/term5/robotics_ws/install/robot_description/lib'
[24.482s] Level 1:colcon.colcon_core.environment:checking '/home/mohammadreza/term5/robotics_ws/install/robot_description/bin'
[24.482s] Level 1:colcon.colcon_core.environment:checking '/home/mohammadreza/term5/robotics_ws/install/robot_description/lib/pkgconfig/robot_description.pc'
[24.482s] Level 1:colcon.colcon_core.environment:checking '/home/mohammadreza/term5/robotics_ws/install/robot_description/lib/python3.12/site-packages'
[24.483s] Level 1:colcon.colcon_core.environment:checking '/home/mohammadreza/term5/robotics_ws/install/robot_description/bin'
[24.483s] INFO:colcon.colcon_core.shell:Creating package script '/home/mohammadreza/term5/robotics_ws/install/robot_description/share/robot_description/package.ps1'
[24.483s] INFO:colcon.colcon_core.shell:Creating package descriptor '/home/mohammadreza/term5/robotics_ws/install/robot_description/share/robot_description/package.dsv'
[24.484s] INFO:colcon.colcon_core.shell:Creating package script '/home/mohammadreza/term5/robotics_ws/install/robot_description/share/robot_description/package.sh'
[24.484s] INFO:colcon.colcon_core.shell:Creating package script '/home/mohammadreza/term5/robotics_ws/install/robot_description/share/robot_description/package.bash'
[24.484s] INFO:colcon.colcon_core.shell:Creating package script '/home/mohammadreza/term5/robotics_ws/install/robot_description/share/robot_description/package.zsh'
[24.485s] Level 1:colcon.colcon_core.environment:create_file_with_runtime_dependencies(/home/mohammadreza/term5/robotics_ws/install/robot_description/share/colcon-core/packages/robot_description)
[24.485s] Level 1:colcon.colcon_core.environment:create_environment_scripts_only(robot_description)
[24.486s] Level 1:colcon.colcon_core.environment:checking '/home/mohammadreza/term5/robotics_ws/install/robot_description' for CMake module files
[24.486s] Level 1:colcon.colcon_core.environment:checking '/home/mohammadreza/term5/robotics_ws/install/robot_description' for CMake config files
[24.486s] Level 1:colcon.colcon_core.shell:create_environment_hook('robot_description', 'cmake_prefix_path')
[24.487s] INFO:colcon.colcon_core.shell:Creating environment hook '/home/mohammadreza/term5/robotics_ws/install/robot_description/share/robot_description/hook/cmake_prefix_path.ps1'
[24.487s] INFO:colcon.colcon_core.shell:Creating environment descriptor '/home/mohammadreza/term5/robotics_ws/install/robot_description/share/robot_description/hook/cmake_prefix_path.dsv'
[24.487s] INFO:colcon.colcon_core.shell:Creating environment hook '/home/mohammadreza/term5/robotics_ws/install/robot_description/share/robot_description/hook/cmake_prefix_path.sh'
[24.488s] Level 1:colcon.colcon_core.environment:checking '/home/mohammadreza/term5/robotics_ws/install/robot_description/lib'
[24.488s] Level 1:colcon.colcon_core.environment:checking '/home/mohammadreza/term5/robotics_ws/install/robot_description/bin'
[24.488s] Level 1:colcon.colcon_core.environment:checking '/home/mohammadreza/term5/robotics_ws/install/robot_description/lib/pkgconfig/robot_description.pc'
[24.488s] Level 1:colcon.colcon_core.environment:checking '/home/mohammadreza/term5/robotics_ws/install/robot_description/lib/python3.12/site-packages'
[24.489s] Level 1:colcon.colcon_core.environment:checking '/home/mohammadreza/term5/robotics_ws/install/robot_description/bin'
[24.489s] INFO:colcon.colcon_core.shell:Creating package script '/home/mohammadreza/term5/robotics_ws/install/robot_description/share/robot_description/package.ps1'
[24.490s] INFO:colcon.colcon_core.shell:Creating package descriptor '/home/mohammadreza/term5/robotics_ws/install/robot_description/share/robot_description/package.dsv'
[24.490s] INFO:colcon.colcon_core.shell:Creating package script '/home/mohammadreza/term5/robotics_ws/install/robot_description/share/robot_description/package.sh'
[24.491s] INFO:colcon.colcon_core.shell:Creating package script '/home/mohammadreza/term5/robotics_ws/install/robot_description/share/robot_description/package.bash'
[24.491s] INFO:colcon.colcon_core.shell:Creating package script '/home/mohammadreza/term5/robotics_ws/install/robot_description/share/robot_description/package.zsh'
[24.491s] Level 1:colcon.colcon_core.environment:create_file_with_runtime_dependencies(/home/mohammadreza/term5/robotics_ws/install/robot_description/share/colcon-core/packages/robot_description)
[24.492s] DEBUG:colcon.colcon_parallel_executor.executor.parallel:closing loop
[24.492s] DEBUG:colcon.colcon_parallel_executor.executor.parallel:loop closed
[24.492s] DEBUG:colcon.colcon_parallel_executor.executor.parallel:run_until_complete finished with '0'
[24.492s] DEBUG:colcon.colcon_core.event_reactor:joining thread
[24.503s] INFO:colcon.colcon_core.plugin_system:Skipping extension 'colcon_notification.desktop_notification.terminal_notifier': Not used on non-Darwin systems
[24.503s] INFO:colcon.colcon_core.plugin_system:Skipping extension 'colcon_notification.desktop_notification.win32': Not used on non-Windows systems
[24.503s] INFO:colcon.colcon_notification.desktop_notification:Sending desktop notification using 'notify2'
[24.523s] DEBUG:colcon.colcon_core.event_reactor:joined thread
[24.524s] INFO:colcon.colcon_core.shell:Creating prefix script '/home/mohammadreza/term5/robotics_ws/install/local_setup.ps1'
[24.525s] INFO:colcon.colcon_core.shell:Creating prefix util module '/home/mohammadreza/term5/robotics_ws/install/_local_setup_util_ps1.py'
[24.526s] INFO:colcon.colcon_core.shell:Creating prefix chain script '/home/mohammadreza/term5/robotics_ws/install/setup.ps1'
[24.527s] INFO:colcon.colcon_core.shell:Creating prefix script '/home/mohammadreza/term5/robotics_ws/install/local_setup.sh'
[24.528s] INFO:colcon.colcon_core.shell:Creating prefix util module '/home/mohammadreza/term5/robotics_ws/install/_local_setup_util_sh.py'
[24.529s] INFO:colcon.colcon_core.shell:Creating prefix chain script '/home/mohammadreza/term5/robotics_ws/install/setup.sh'
[24.530s] INFO:colcon.colcon_core.shell:Creating prefix script '/home/mohammadreza/term5/robotics_ws/install/local_setup.bash'
[24.530s] INFO:colcon.colcon_core.shell:Creating prefix chain script '/home/mohammadreza/term5/robotics_ws/install/setup.bash'
[24.532s] INFO:colcon.colcon_core.shell:Creating prefix script '/home/mohammadreza/term5/robotics_ws/install/local_setup.zsh'
[24.532s] INFO:colcon.colcon_core.shell:Creating prefix chain script '/home/mohammadreza/term5/robotics_ws/install/setup.zsh'
