/home/mohammadreza/term5/robotics_ws/install/robot_local_localization/lib/python3.12/site-packages/robot_local_localization/measurement_node.py
/home/mohammadreza/term5/robotics_ws/install/robot_local_localization/lib/python3.12/site-packages/robot_local_localization/ekf_node.py
/home/mohammadreza/term5/robotics_ws/install/robot_local_localization/lib/python3.12/site-packages/robot_local_localization/prediction_node.py
/home/mohammadreza/term5/robotics_ws/install/robot_local_localization/lib/python3.12/site-packages/robot_local_localization/__init__.py
/home/mohammadreza/term5/robotics_ws/install/robot_local_localization/lib/python3.12/site-packages/robot_local_localization/test_path_node.py
/home/mohammadreza/term5/robotics_ws/install/robot_local_localization/lib/python3.12/site-packages/robot_local_localization/__pycache__/measurement_node.cpython-312.pyc
/home/mohammadreza/term5/robotics_ws/install/robot_local_localization/lib/python3.12/site-packages/robot_local_localization/__pycache__/ekf_node.cpython-312.pyc
/home/mohammadreza/term5/robotics_ws/install/robot_local_localization/lib/python3.12/site-packages/robot_local_localization/__pycache__/prediction_node.cpython-312.pyc
/home/mohammadreza/term5/robotics_ws/install/robot_local_localization/lib/python3.12/site-packages/robot_local_localization/__pycache__/__init__.cpython-312.pyc
/home/mohammadreza/term5/robotics_ws/install/robot_local_localization/lib/python3.12/site-packages/robot_local_localization/__pycache__/test_path_node.cpython-312.pyc
/home/mohammadreza/term5/robotics_ws/install/robot_local_localization/share/ament_index/resource_index/packages/robot_local_localization
/home/mohammadreza/term5/robotics_ws/install/robot_local_localization/share/robot_local_localization/package.xml
/home/mohammadreza/term5/robotics_ws/install/robot_local_localization/lib/python3.12/site-packages/robot_local_localization-0.0.0-py3.12.egg-info/PKG-INFO
/home/mohammadreza/term5/robotics_ws/install/robot_local_localization/lib/python3.12/site-packages/robot_local_localization-0.0.0-py3.12.egg-info/requires.txt
/home/mohammadreza/term5/robotics_ws/install/robot_local_localization/lib/python3.12/site-packages/robot_local_localization-0.0.0-py3.12.egg-info/entry_points.txt
/home/mohammadreza/term5/robotics_ws/install/robot_local_localization/lib/python3.12/site-packages/robot_local_localization-0.0.0-py3.12.egg-info/dependency_links.txt
/home/mohammadreza/term5/robotics_ws/install/robot_local_localization/lib/python3.12/site-packages/robot_local_localization-0.0.0-py3.12.egg-info/SOURCES.txt
/home/mohammadreza/term5/robotics_ws/install/robot_local_localization/lib/python3.12/site-packages/robot_local_localization-0.0.0-py3.12.egg-info/zip-safe
/home/mohammadreza/term5/robotics_ws/install/robot_local_localization/lib/python3.12/site-packages/robot_local_localization-0.0.0-py3.12.egg-info/top_level.txt
/home/mohammadreza/term5/robotics_ws/install/robot_local_localization/lib/robot_local_localization/ekf_node
/home/mohammadreza/term5/robotics_ws/install/robot_local_localization/lib/robot_local_localization/measurement_node
/home/mohammadreza/term5/robotics_ws/install/robot_local_localization/lib/robot_local_localization/prediction_node
/home/mohammadreza/term5/robotics_ws/install/robot_local_localization/lib/robot_local_localization/test_path_node
