/home/mohammadreza/Robotic_HW_1_3/Robotic/install/robot_estimation/lib/python3.12/site-packages/robot_estimation/lowpass_filter.py
/home/mohammadreza/Robotic_HW_1_3/Robotic/install/robot_estimation/lib/python3.12/site-packages/robot_estimation/complementary_filter.py
/home/mohammadreza/Robotic_HW_1_3/Robotic/install/robot_estimation/lib/python3.12/site-packages/robot_estimation/odom_producer.py
/home/mohammadreza/Robotic_HW_1_3/Robotic/install/robot_estimation/lib/python3.12/site-packages/robot_estimation/imu_bias_corrector.py
/home/mohammadreza/Robotic_HW_1_3/Robotic/install/robot_estimation/lib/python3.12/site-packages/robot_estimation/__init__.py
/home/mohammadreza/Robotic_HW_1_3/Robotic/install/robot_estimation/lib/python3.12/site-packages/robot_estimation/diff_drive_controller.py
/home/mohammadreza/Robotic_HW_1_3/Robotic/install/robot_estimation/lib/python3.12/site-packages/robot_estimation/__pycache__/lowpass_filter.cpython-312.pyc
/home/mohammadreza/Robotic_HW_1_3/Robotic/install/robot_estimation/lib/python3.12/site-packages/robot_estimation/__pycache__/complementary_filter.cpython-312.pyc
/home/mohammadreza/Robotic_HW_1_3/Robotic/install/robot_estimation/lib/python3.12/site-packages/robot_estimation/__pycache__/odom_producer.cpython-312.pyc
/home/mohammadreza/Robotic_HW_1_3/Robotic/install/robot_estimation/lib/python3.12/site-packages/robot_estimation/__pycache__/imu_bias_corrector.cpython-312.pyc
/home/mohammadreza/Robotic_HW_1_3/Robotic/install/robot_estimation/lib/python3.12/site-packages/robot_estimation/__pycache__/__init__.cpython-312.pyc
/home/mohammadreza/Robotic_HW_1_3/Robotic/install/robot_estimation/lib/python3.12/site-packages/robot_estimation/__pycache__/diff_drive_controller.cpython-312.pyc
/home/mohammadreza/Robotic_HW_1_3/Robotic/install/robot_estimation/share/ament_index/resource_index/packages/robot_estimation
/home/mohammadreza/Robotic_HW_1_3/Robotic/install/robot_estimation/share/robot_estimation/package.xml
/home/mohammadreza/Robotic_HW_1_3/Robotic/install/robot_estimation/share/robot_estimation/launch/estimation_pipeline.launch.py
/home/mohammadreza/Robotic_HW_1_3/Robotic/install/robot_estimation/lib/python3.12/site-packages/robot_estimation-0.0.0-py3.12.egg-info/PKG-INFO
/home/mohammadreza/Robotic_HW_1_3/Robotic/install/robot_estimation/lib/python3.12/site-packages/robot_estimation-0.0.0-py3.12.egg-info/requires.txt
/home/mohammadreza/Robotic_HW_1_3/Robotic/install/robot_estimation/lib/python3.12/site-packages/robot_estimation-0.0.0-py3.12.egg-info/entry_points.txt
/home/mohammadreza/Robotic_HW_1_3/Robotic/install/robot_estimation/lib/python3.12/site-packages/robot_estimation-0.0.0-py3.12.egg-info/dependency_links.txt
/home/mohammadreza/Robotic_HW_1_3/Robotic/install/robot_estimation/lib/python3.12/site-packages/robot_estimation-0.0.0-py3.12.egg-info/SOURCES.txt
/home/mohammadreza/Robotic_HW_1_3/Robotic/install/robot_estimation/lib/python3.12/site-packages/robot_estimation-0.0.0-py3.12.egg-info/zip-safe
/home/mohammadreza/Robotic_HW_1_3/Robotic/install/robot_estimation/lib/python3.12/site-packages/robot_estimation-0.0.0-py3.12.egg-info/top_level.txt
/home/mohammadreza/Robotic_HW_1_3/Robotic/install/robot_estimation/lib/robot_estimation/complementary_filter
/home/mohammadreza/Robotic_HW_1_3/Robotic/install/robot_estimation/lib/robot_estimation/diff_drive_controller
/home/mohammadreza/Robotic_HW_1_3/Robotic/install/robot_estimation/lib/robot_estimation/imu_bias_corrector
/home/mohammadreza/Robotic_HW_1_3/Robotic/install/robot_estimation/lib/robot_estimation/lowpass_filter
/home/mohammadreza/Robotic_HW_1_3/Robotic/install/robot_estimation/lib/robot_estimation/odom_producer
