[0.016s] Invoking command in '/home/mohammadreza/Robot/HW3/build/robot_description': CMAKE_PREFIX_PATH=${CMAKE_PREFIX_PATH}:/opt/ros/jazzy /usr/bin/cmake --build /home/mohammadreza/Robot/HW3/build/robot_description -- -j20 -l20
[0.052s] -- Found ament_cmake: 2.5.4 (/opt/ros/jazzy/share/ament_cmake/cmake)
[0.354s] -- Found rclcpp: 28.1.12 (/opt/ros/jazzy/share/rclcpp/cmake)
[0.393s] -- Found rosidl_generator_c: 4.6.6 (/opt/ros/jazzy/share/rosidl_generator_c/cmake)
[0.404s] -- Found rosidl_generator_cpp: 4.6.6 (/opt/ros/jazzy/share/rosidl_generator_cpp/cmake)
[0.418s] -- Using all available rosidl_typesupport_c: rosidl_typesupport_fastrtps_c;rosidl_typesupport_introspection_c
[0.434s] -- Using all available rosidl_typesupport_cpp: rosidl_typesupport_fastrtps_cpp;rosidl_typesupport_introspection_cpp
[0.510s] -- Found rmw_implementation_cmake: 7.3.2 (/opt/ros/jazzy/share/rmw_implementation_cmake/cmake)
[0.511s] -- Found rmw_fastrtps_cpp: 8.4.3 (/opt/ros/jazzy/share/rmw_fastrtps_cpp/cmake)
[0.599s] -- Using RMW implementation 'rmw_fastrtps_cpp' as default
[0.687s] -- Found sensor_msgs: 5.3.6 (/opt/ros/jazzy/share/sensor_msgs/cmake)
[0.756s] -- Found nav_msgs: 5.3.6 (/opt/ros/jazzy/share/nav_msgs/cmake)
[0.788s] -- Found std_srvs: 5.3.6 (/opt/ros/jazzy/share/std_srvs/cmake)
[0.808s] -- Found tf2: 0.36.14 (/opt/ros/jazzy/share/tf2/cmake)
[0.813s] -- Found tf2_ros: 0.36.14 (/opt/ros/jazzy/share/tf2_ros/cmake)
[0.948s] -- Found rclpy: 7.1.5 (/opt/ros/jazzy/share/rclpy/cmake)
[0.953s] -- Found ament_lint_auto: 0.17.3 (/opt/ros/jazzy/share/ament_lint_auto/cmake)
[1.072s] -- Added test 'cppcheck' to perform static code analysis on C / C++ code
[1.073s] -- Configured cppcheck include dirs: 
[1.073s] -- Configured cppcheck exclude dirs and/or files: 
[1.073s] -- Added test 'flake8' to check Python code syntax and style conventions
[1.073s] -- Configured 'flake8' exclude dirs and/or files: 
[1.074s] -- Added test 'lint_cmake' to check CMake code style
[1.074s] -- Added test 'pep257' to check Python code against some of the docstring style conventions in PEP 257
[1.076s] -- Added test 'uncrustify' to check C / C++ code style
[1.076s] -- Configured uncrustify additional arguments: 
[1.077s] -- Added test 'xmllint' to check XML markup files
[1.078s] -- Configuring done (1.0s)
[1.107s] -- Generating done (0.0s)
[1.118s] -- Build files have been written to: /home/mohammadreza/Robot/HW3/build/robot_description
[1.195s] [ 33%] Built target frame_id_converter_node
[1.195s] [ 66%] Built target motor_command_node
[1.198s] [100%] Built target ekf_diff_imu_node
[1.220s] Invoked command in '/home/mohammadreza/Robot/HW3/build/robot_description' returned '0': CMAKE_PREFIX_PATH=${CMAKE_PREFIX_PATH}:/opt/ros/jazzy /usr/bin/cmake --build /home/mohammadreza/Robot/HW3/build/robot_description -- -j20 -l20
[1.239s] Invoking command in '/home/mohammadreza/Robot/HW3/build/robot_description': CMAKE_PREFIX_PATH=${CMAKE_PREFIX_PATH}:/opt/ros/jazzy /usr/bin/cmake --install /home/mohammadreza/Robot/HW3/build/robot_description
[1.255s] -- Install configuration: ""
[1.255s] -- Up-to-date: /home/mohammadreza/Robot/HW3/install/robot_description/share/robot_description/src
[1.255s] -- Up-to-date: /home/mohammadreza/Robot/HW3/install/robot_description/share/robot_description/src/description
[1.256s] -- Up-to-date: /home/mohammadreza/Robot/HW3/install/robot_description/share/robot_description/src/description/robot.urdf
[1.256s] -- Up-to-date: /home/mohammadreza/Robot/HW3/install/robot_description/share/robot_description/src/meshes
[1.256s] -- Up-to-date: /home/mohammadreza/Robot/HW3/install/robot_description/share/robot_description/src/meshes/wheel.STL
[1.256s] -- Up-to-date: /home/mohammadreza/Robot/HW3/install/robot_description/share/robot_description/src/meshes/wheel.usd
[1.256s] -- Up-to-date: /home/mohammadreza/Robot/HW3/install/robot_description/share/robot_description/src/meshes/Rear_Left_Caster_Wheel_Main.STL
[1.257s] -- Up-to-date: /home/mohammadreza/Robot/HW3/install/robot_description/share/robot_description/src/meshes/chasis.STL
[1.257s] -- Up-to-date: /home/mohammadreza/Robot/HW3/install/robot_description/share/robot_description/src/meshes/Front_Left_Caster_Wheel_Main.STL
[1.257s] -- Up-to-date: /home/mohammadreza/Robot/HW3/install/robot_description/share/robot_description/src/meshes/Rear_Right_Caster_Wheel_Main.STL
[1.257s] -- Up-to-date: /home/mohammadreza/Robot/HW3/install/robot_description/share/robot_description/src/meshes/zed.STL
[1.257s] -- Up-to-date: /home/mohammadreza/Robot/HW3/install/robot_description/share/robot_description/src/meshes/Rear_Trailing.STL
[1.258s] -- Up-to-date: /home/mohammadreza/Robot/HW3/install/robot_description/share/robot_description/src/meshes/Front_Right_Caster_Wheel_Main.STL
[1.258s] -- Up-to-date: /home/mohammadreza/Robot/HW3/install/robot_description/share/robot_description/launch
[1.258s] -- Up-to-date: /home/mohammadreza/Robot/HW3/install/robot_description/share/robot_description/launch/display.launch.py
[1.258s] -- Up-to-date: /home/mohammadreza/Robot/HW3/install/robot_description/share/robot_description/launch/gazebo.launch.py
[1.258s] -- Up-to-date: /home/mohammadreza/Robot/HW3/install/robot_description/share/robot_description/rviz
[1.259s] -- Up-to-date: /home/mohammadreza/Robot/HW3/install/robot_description/share/robot_description/rviz/config.rviz
[1.259s] -- Up-to-date: /home/mohammadreza/Robot/HW3/install/robot_description/share/robot_description/rviz/c.rviz
[1.259s] -- Up-to-date: /home/mohammadreza/Robot/HW3/install/robot_description/share/robot_description/config
[1.259s] -- Up-to-date: /home/mohammadreza/Robot/HW3/install/robot_description/share/robot_description/config/gz_bridge.yaml
[1.259s] -- Up-to-date: /home/mohammadreza/Robot/HW3/install/robot_description/share/robot_description/config/rtabmap_slam.yaml
[1.260s] -- Up-to-date: /home/mohammadreza/Robot/HW3/install/robot_description/share/robot_description/world
[1.260s] -- Up-to-date: /home/mohammadreza/Robot/HW3/install/robot_description/share/robot_description/world/depot.sdf
[1.260s] -- Up-to-date: /home/mohammadreza/Robot/HW3/install/robot_description/share/robot_description/world/test.sdf
[1.261s] -- Up-to-date: /home/mohammadreza/Robot/HW3/install/robot_description/share/robot_description/scripts
[1.261s] -- Up-to-date: /home/mohammadreza/Robot/HW3/install/robot_description/share/robot_description/scripts/motor_command.cpp
[1.262s] -- Up-to-date: /home/mohammadreza/Robot/HW3/install/robot_description/share/robot_description/scripts/map_publisher.py
[1.262s] -- Up-to-date: /home/mohammadreza/Robot/HW3/install/robot_description/share/robot_description/scripts/particle_filter.py
[1.262s] -- Up-to-date: /home/mohammadreza/Robot/HW3/install/robot_description/share/robot_description/scripts/gym_gazebo_env.py
[1.262s] -- Installing: /home/mohammadreza/Robot/HW3/install/robot_description/share/robot_description/scripts/custom_slam.py
[1.262s] -- Up-to-date: /home/mohammadreza/Robot/HW3/install/robot_description/share/robot_description/scripts/ekf_diff_imu.cpp
[1.263s] -- Installing: /home/mohammadreza/Robot/HW3/install/robot_description/share/robot_description/scripts/a_star_planner.py
[1.263s] -- Up-to-date: /home/mohammadreza/Robot/HW3/install/robot_description/share/robot_description/scripts/test_env.py
[1.263s] -- Up-to-date: /home/mohammadreza/Robot/HW3/install/robot_description/share/robot_description/scripts/frame_id_converter.cpp
[1.263s] -- Up-to-date: /home/mohammadreza/Robot/HW3/install/robot_description/share/robot_description/scripts/__pycache__
[1.263s] -- Up-to-date: /home/mohammadreza/Robot/HW3/install/robot_description/share/robot_description/scripts/__pycache__/gym_gazebo_env.cpython-310.pyc
[1.264s] -- Up-to-date: /home/mohammadreza/Robot/HW3/install/robot_description/lib/robot_description/frame_id_converter_node
[1.264s] -- Up-to-date: /home/mohammadreza/Robot/HW3/install/robot_description/lib/robot_description/ekf_diff_imu_node
[1.264s] -- Up-to-date: /home/mohammadreza/Robot/HW3/install/robot_description/lib/robot_description/motor_command_node
[1.264s] -- Up-to-date: /home/mohammadreza/Robot/HW3/install/robot_description/lib/robot_description/map_publisher.py
[1.264s] -- Up-to-date: /home/mohammadreza/Robot/HW3/install/robot_description/lib/robot_description/particle_filter.py
[1.265s] -- Installing: /home/mohammadreza/Robot/HW3/install/robot_description/lib/robot_description/a_star_planner.py
[1.265s] -- Installing: /home/mohammadreza/Robot/HW3/install/robot_description/lib/robot_description/custom_slam.py
[1.265s] -- Up-to-date: /home/mohammadreza/Robot/HW3/install/robot_description/share/robot_description/maps
[1.265s] -- Up-to-date: /home/mohammadreza/Robot/HW3/install/robot_description/share/robot_description/maps/depot.yaml
[1.265s] -- Up-to-date: /home/mohammadreza/Robot/HW3/install/robot_description/share/robot_description/maps/depot.pgm
[1.265s] -- Up-to-date: /home/mohammadreza/Robot/HW3/install/robot_description/share/ament_index/resource_index/package_run_dependencies/robot_description
[1.266s] -- Up-to-date: /home/mohammadreza/Robot/HW3/install/robot_description/share/ament_index/resource_index/parent_prefix_path/robot_description
[1.266s] -- Up-to-date: /home/mohammadreza/Robot/HW3/install/robot_description/share/robot_description/environment/ament_prefix_path.sh
[1.266s] -- Up-to-date: /home/mohammadreza/Robot/HW3/install/robot_description/share/robot_description/environment/ament_prefix_path.dsv
[1.266s] -- Up-to-date: /home/mohammadreza/Robot/HW3/install/robot_description/share/robot_description/environment/path.sh
[1.266s] -- Up-to-date: /home/mohammadreza/Robot/HW3/install/robot_description/share/robot_description/environment/path.dsv
[1.267s] -- Up-to-date: /home/mohammadreza/Robot/HW3/install/robot_description/share/robot_description/local_setup.bash
[1.267s] -- Up-to-date: /home/mohammadreza/Robot/HW3/install/robot_description/share/robot_description/local_setup.sh
[1.267s] -- Up-to-date: /home/mohammadreza/Robot/HW3/install/robot_description/share/robot_description/local_setup.zsh
[1.268s] -- Up-to-date: /home/mohammadreza/Robot/HW3/install/robot_description/share/robot_description/local_setup.dsv
[1.268s] -- Installing: /home/mohammadreza/Robot/HW3/install/robot_description/share/robot_description/package.dsv
[1.268s] -- Up-to-date: /home/mohammadreza/Robot/HW3/install/robot_description/share/ament_index/resource_index/packages/robot_description
[1.268s] -- Up-to-date: /home/mohammadreza/Robot/HW3/install/robot_description/share/robot_description/cmake/robot_descriptionConfig.cmake
[1.269s] -- Up-to-date: /home/mohammadreza/Robot/HW3/install/robot_description/share/robot_description/cmake/robot_descriptionConfig-version.cmake
[1.269s] -- Up-to-date: /home/mohammadreza/Robot/HW3/install/robot_description/share/robot_description/package.xml
[1.269s] Invoked command in '/home/mohammadreza/Robot/HW3/build/robot_description' returned '0': CMAKE_PREFIX_PATH=${CMAKE_PREFIX_PATH}:/opt/ros/jazzy /usr/bin/cmake --install /home/mohammadreza/Robot/HW3/build/robot_description
