[0.023s] Invoking command in '/home/mohammadreza/term5/robotics_ws/build/robot_description': CMAKE_PREFIX_PATH=${CMAKE_PREFIX_PATH}:/home/mohammadreza/term5/robotics_ws/install/robot_local_localization:/opt/ros/jazzy /usr/bin/cmake /home/mohammadreza/term5/robotics_ws/src/robotic_course/robot_description -DCMAKE_INSTALL_PREFIX=/home/mohammadreza/term5/robotics_ws/install/robot_description
[0.112s] -- The C compiler identification is GNU 13.3.0
[0.203s] -- The CXX compiler identification is GNU 13.3.0
[0.230s] -- Detecting C compiler ABI info
[0.382s] -- Detecting C compiler ABI info - done
[0.404s] -- Check for working C compiler: /usr/bin/cc - skipped
[0.405s] -- Detecting C compile features
[0.405s] -- Detecting C compile features - done
[0.425s] -- Detecting CXX compiler ABI info
[0.614s] -- Detecting CXX compiler ABI info - done
[0.632s] -- Check for working CXX compiler: /usr/bin/c++ - skipped
[0.632s] -- Detecting CXX compile features
[0.633s] -- Detecting CXX compile features - done
[0.639s] -- Found ament_cmake: 2.5.4 (/opt/ros/jazzy/share/ament_cmake/cmake)
[0.894s] -- Found Python3: /usr/bin/python3 (found version "3.12.3") found components: Interpreter 
[1.101s] -- Found rclcpp: 28.1.12 (/opt/ros/jazzy/share/rclcpp/cmake)
[1.194s] -- Found rosidl_generator_c: 4.6.6 (/opt/ros/jazzy/share/rosidl_generator_c/cmake)
[1.224s] -- Found rosidl_generator_cpp: 4.6.6 (/opt/ros/jazzy/share/rosidl_generator_cpp/cmake)
[1.258s] -- Using all available rosidl_typesupport_c: rosidl_typesupport_fastrtps_c;rosidl_typesupport_introspection_c
[1.296s] -- Using all available rosidl_typesupport_cpp: rosidl_typesupport_fastrtps_cpp;rosidl_typesupport_introspection_cpp
[1.460s] -- Found rmw_implementation_cmake: 7.3.2 (/opt/ros/jazzy/share/rmw_implementation_cmake/cmake)
[1.467s] -- Found rmw_fastrtps_cpp: 8.4.3 (/opt/ros/jazzy/share/rmw_fastrtps_cpp/cmake)
[1.628s] -- Found OpenSSL: /usr/lib/x86_64-linux-gnu/libcrypto.so (found version "3.0.13")  
[1.672s] -- Found FastRTPS: /opt/ros/jazzy/include (Required is at least version "2.13") 
[1.717s] -- Using RMW implementation 'rmw_fastrtps_cpp' as default
[1.883s] -- Found sensor_msgs: 5.3.6 (/opt/ros/jazzy/share/sensor_msgs/cmake)
[2.018s] -- Found nav_msgs: 5.3.6 (/opt/ros/jazzy/share/nav_msgs/cmake)
[2.077s] -- Found std_srvs: 5.3.6 (/opt/ros/jazzy/share/std_srvs/cmake)
[2.115s] -- Found tf2: 0.36.14 (/opt/ros/jazzy/share/tf2/cmake)
[2.142s] -- Found tf2_ros: 0.36.14 (/opt/ros/jazzy/share/tf2_ros/cmake)
[2.432s] -- Found ament_lint_auto: 0.17.3 (/opt/ros/jazzy/share/ament_lint_auto/cmake)
[2.639s] -- Added test 'cppcheck' to perform static code analysis on C / C++ code
[2.640s] -- Configured cppcheck include dirs: 
[2.640s] -- Configured cppcheck exclude dirs and/or files: 
[2.642s] -- Added test 'flake8' to check Python code syntax and style conventions
[2.642s] -- Configured 'flake8' exclude dirs and/or files: 
[2.644s] -- Added test 'lint_cmake' to check CMake code style
[2.645s] -- Added test 'pep257' to check Python code against some of the docstring style conventions in PEP 257
[2.648s] -- Added test 'uncrustify' to check C / C++ code style
[2.648s] -- Configured uncrustify additional arguments: 
[2.649s] -- Added test 'xmllint' to check XML markup files
[2.652s] -- Configuring done (2.6s)
[2.703s] -- Generating done (0.0s)
[2.722s] -- Build files have been written to: /home/mohammadreza/term5/robotics_ws/build/robot_description
[2.744s] Invoked command in '/home/mohammadreza/term5/robotics_ws/build/robot_description' returned '0': CMAKE_PREFIX_PATH=${CMAKE_PREFIX_PATH}:/home/mohammadreza/term5/robotics_ws/install/robot_local_localization:/opt/ros/jazzy /usr/bin/cmake /home/mohammadreza/term5/robotics_ws/src/robotic_course/robot_description -DCMAKE_INSTALL_PREFIX=/home/mohammadreza/term5/robotics_ws/install/robot_description
[2.745s] Invoking command in '/home/mohammadreza/term5/robotics_ws/build/robot_description': CMAKE_PREFIX_PATH=${CMAKE_PREFIX_PATH}:/home/mohammadreza/term5/robotics_ws/install/robot_local_localization:/opt/ros/jazzy /usr/bin/cmake --build /home/mohammadreza/term5/robotics_ws/build/robot_description -- -j20 -l20
[2.844s] [ 10%] [32mBuilding CXX object CMakeFiles/motor_command_node.dir/scripts/motor_command.cpp.o[0m
[2.846s] [ 20%] [32mBuilding CXX object CMakeFiles/motor_controller_node.dir/scripts/motor_controller.cpp.o[0m
[2.846s] [ 30%] [32mBuilding CXX object CMakeFiles/frame_id_converter_node.dir/scripts/frame_id_converter.cpp.o[0m
[2.849s] [ 40%] [32mBuilding CXX object CMakeFiles/ekf_diff_imu_node.dir/scripts/ekf_diff_imu.cpp.o[0m
[2.850s] [ 50%] [32mBuilding CXX object CMakeFiles/wheel_odom_node.dir/scripts/wheel_odom_node.cpp.o[0m
[16.350s] [ 60%] [32m[1mLinking CXX executable frame_id_converter_node[0m
[16.857s] [ 60%] Built target frame_id_converter_node
[17.237s] [ 70%] [32m[1mLinking CXX executable motor_controller_node[0m
[17.454s] [ 80%] [32m[1mLinking CXX executable motor_command_node[0m
[17.772s] [ 80%] Built target motor_controller_node
[17.946s] [ 80%] Built target motor_command_node
[18.409s] [ 90%] [32m[1mLinking CXX executable wheel_odom_node[0m
[18.930s] [ 90%] Built target wheel_odom_node
[23.328s] [100%] [32m[1mLinking CXX executable ekf_diff_imu_node[0m
[23.933s] [100%] Built target ekf_diff_imu_node
[23.948s] Invoked command in '/home/mohammadreza/term5/robotics_ws/build/robot_description' returned '0': CMAKE_PREFIX_PATH=${CMAKE_PREFIX_PATH}:/home/mohammadreza/term5/robotics_ws/install/robot_local_localization:/opt/ros/jazzy /usr/bin/cmake --build /home/mohammadreza/term5/robotics_ws/build/robot_description -- -j20 -l20
[23.963s] Invoking command in '/home/mohammadreza/term5/robotics_ws/build/robot_description': CMAKE_PREFIX_PATH=${CMAKE_PREFIX_PATH}:/home/mohammadreza/term5/robotics_ws/install/robot_local_localization:/opt/ros/jazzy /usr/bin/cmake --install /home/mohammadreza/term5/robotics_ws/build/robot_description
[23.974s] -- Install configuration: ""
[23.974s] -- Installing: /home/mohammadreza/term5/robotics_ws/install/robot_description/share/robot_description/src
[23.974s] -- Installing: /home/mohammadreza/term5/robotics_ws/install/robot_description/share/robot_description/src/description
[23.974s] -- Installing: /home/mohammadreza/term5/robotics_ws/install/robot_description/share/robot_description/src/description/robot.urdf
[23.974s] -- Installing: /home/mohammadreza/term5/robotics_ws/install/robot_description/share/robot_description/src/meshes
[23.974s] -- Installing: /home/mohammadreza/term5/robotics_ws/install/robot_description/share/robot_description/src/meshes/wheel.STL
[23.974s] -- Installing: /home/mohammadreza/term5/robotics_ws/install/robot_description/share/robot_description/src/meshes/wheel.usd
[23.974s] -- Installing: /home/mohammadreza/term5/robotics_ws/install/robot_description/share/robot_description/src/meshes/Rear_Left_Caster_Wheel_Main.STL
[23.974s] -- Installing: /home/mohammadreza/term5/robotics_ws/install/robot_description/share/robot_description/src/meshes/chasis.STL
[23.997s] -- Installing: /home/mohammadreza/term5/robotics_ws/install/robot_description/share/robot_description/src/meshes/Front_Left_Caster_Wheel_Main.STL
[23.998s] -- Installing: /home/mohammadreza/term5/robotics_ws/install/robot_description/share/robot_description/src/meshes/Rear_Right_Caster_Wheel_Main.STL
[23.998s] -- Installing: /home/mohammadreza/term5/robotics_ws/install/robot_description/share/robot_description/src/meshes/zed.STL
[23.999s] -- Installing: /home/mohammadreza/term5/robotics_ws/install/robot_description/share/robot_description/src/meshes/Rear_Trailing.STL
[24.001s] -- Installing: /home/mohammadreza/term5/robotics_ws/install/robot_description/share/robot_description/src/meshes/Front_Right_Caster_Wheel_Main.STL
[24.001s] -- Installing: /home/mohammadreza/term5/robotics_ws/install/robot_description/share/robot_description/launch
[24.001s] -- Installing: /home/mohammadreza/term5/robotics_ws/install/robot_description/share/robot_description/launch/display.launch.py
[24.002s] -- Installing: /home/mohammadreza/term5/robotics_ws/install/robot_description/share/robot_description/launch/gazebo.launch.py
[24.002s] -- Installing: /home/mohammadreza/term5/robotics_ws/install/robot_description/share/robot_description/rviz
[24.002s] -- Installing: /home/mohammadreza/term5/robotics_ws/install/robot_description/share/robot_description/rviz/config.rviz
[24.002s] -- Installing: /home/mohammadreza/term5/robotics_ws/install/robot_description/share/robot_description/config
[24.002s] -- Installing: /home/mohammadreza/term5/robotics_ws/install/robot_description/share/robot_description/config/gz_bridge.yaml
[24.002s] -- Installing: /home/mohammadreza/term5/robotics_ws/install/robot_description/share/robot_description/config/rtabmap_slam.yaml
[24.002s] -- Installing: /home/mohammadreza/term5/robotics_ws/install/robot_description/share/robot_description/world
[24.002s] -- Installing: /home/mohammadreza/term5/robotics_ws/install/robot_description/share/robot_description/world/depot.sdf
[24.002s] -- Installing: /home/mohammadreza/term5/robotics_ws/install/robot_description/share/robot_description/world/test.sdf
[24.003s] -- Installing: /home/mohammadreza/term5/robotics_ws/install/robot_description/share/robot_description/scripts
[24.003s] -- Installing: /home/mohammadreza/term5/robotics_ws/install/robot_description/share/robot_description/scripts/motor_command.cpp
[24.003s] -- Installing: /home/mohammadreza/term5/robotics_ws/install/robot_description/share/robot_description/scripts/wheel_odom_node.cpp
[24.003s] -- Installing: /home/mohammadreza/term5/robotics_ws/install/robot_description/share/robot_description/scripts/ekf_diff_imu.cpp
[24.003s] -- Installing: /home/mohammadreza/term5/robotics_ws/install/robot_description/share/robot_description/scripts/frame_id_converter.cpp
[24.003s] -- Installing: /home/mohammadreza/term5/robotics_ws/install/robot_description/share/robot_description/scripts/motor_controller.cpp
[24.003s] -- Installing: /home/mohammadreza/term5/robotics_ws/install/robot_description/lib/robot_description/frame_id_converter_node
[24.007s] -- Set non-toolchain portion of runtime path of "/home/mohammadreza/term5/robotics_ws/install/robot_description/lib/robot_description/frame_id_converter_node" to ""
[24.007s] -- Installing: /home/mohammadreza/term5/robotics_ws/install/robot_description/lib/robot_description/ekf_diff_imu_node
[24.015s] -- Set non-toolchain portion of runtime path of "/home/mohammadreza/term5/robotics_ws/install/robot_description/lib/robot_description/ekf_diff_imu_node" to ""
[24.015s] -- Installing: /home/mohammadreza/term5/robotics_ws/install/robot_description/lib/robot_description/motor_command_node
[24.019s] -- Set non-toolchain portion of runtime path of "/home/mohammadreza/term5/robotics_ws/install/robot_description/lib/robot_description/motor_command_node" to ""
[24.020s] -- Installing: /home/mohammadreza/term5/robotics_ws/install/robot_description/lib/robot_description/wheel_odom_node
[24.024s] -- Set non-toolchain portion of runtime path of "/home/mohammadreza/term5/robotics_ws/install/robot_description/lib/robot_description/wheel_odom_node" to ""
[24.024s] -- Installing: /home/mohammadreza/term5/robotics_ws/install/robot_description/lib/robot_description/motor_controller_node
[24.029s] -- Set non-toolchain portion of runtime path of "/home/mohammadreza/term5/robotics_ws/install/robot_description/lib/robot_description/motor_controller_node" to ""
[24.029s] -- Installing: /home/mohammadreza/term5/robotics_ws/install/robot_description/share/ament_index/resource_index/package_run_dependencies/robot_description
[24.029s] -- Installing: /home/mohammadreza/term5/robotics_ws/install/robot_description/share/ament_index/resource_index/parent_prefix_path/robot_description
[24.029s] -- Installing: /home/mohammadreza/term5/robotics_ws/install/robot_description/share/robot_description/environment/ament_prefix_path.sh
[24.029s] -- Installing: /home/mohammadreza/term5/robotics_ws/install/robot_description/share/robot_description/environment/ament_prefix_path.dsv
[24.030s] -- Installing: /home/mohammadreza/term5/robotics_ws/install/robot_description/share/robot_description/environment/path.sh
[24.030s] -- Installing: /home/mohammadreza/term5/robotics_ws/install/robot_description/share/robot_description/environment/path.dsv
[24.030s] -- Installing: /home/mohammadreza/term5/robotics_ws/install/robot_description/share/robot_description/local_setup.bash
[24.030s] -- Installing: /home/mohammadreza/term5/robotics_ws/install/robot_description/share/robot_description/local_setup.sh
[24.030s] -- Installing: /home/mohammadreza/term5/robotics_ws/install/robot_description/share/robot_description/local_setup.zsh
[24.030s] -- Installing: /home/mohammadreza/term5/robotics_ws/install/robot_description/share/robot_description/local_setup.dsv
[24.030s] -- Installing: /home/mohammadreza/term5/robotics_ws/install/robot_description/share/robot_description/package.dsv
[24.030s] -- Installing: /home/mohammadreza/term5/robotics_ws/install/robot_description/share/ament_index/resource_index/packages/robot_description
[24.030s] -- Installing: /home/mohammadreza/term5/robotics_ws/install/robot_description/share/robot_description/cmake/robot_descriptionConfig.cmake
[24.030s] -- Installing: /home/mohammadreza/term5/robotics_ws/install/robot_description/share/robot_description/cmake/robot_descriptionConfig-version.cmake
[24.030s] -- Installing: /home/mohammadreza/term5/robotics_ws/install/robot_description/share/robot_description/package.xml
[24.033s] Invoked command in '/home/mohammadreza/term5/robotics_ws/build/robot_description' returned '0': CMAKE_PREFIX_PATH=${CMAKE_PREFIX_PATH}:/home/mohammadreza/term5/robotics_ws/install/robot_local_localization:/opt/ros/jazzy /usr/bin/cmake --install /home/mohammadreza/term5/robotics_ws/build/robot_description
