[0.022s] Invoking command in '/home/mohammadreza/Robotic_HW_1_3/Robotic/build/robot_description': CMAKE_PREFIX_PATH=${CMAKE_PREFIX_PATH}:/home/mohammadreza/Robotic_HW_1_3/Robotic/install/robot_estimation:/opt/ros/jazzy /usr/bin/cmake /home/mohammadreza/Robotic_HW_1_3/Robotic/src/robot_description -DCMAKE_INSTALL_PREFIX=/home/mohammadreza/Robotic_HW_1_3/Robotic/install/robot_description
[0.152s] -- The C compiler identification is GNU 13.3.0
[0.269s] -- The CXX compiler identification is GNU 13.3.0
[0.293s] -- Detecting C compiler ABI info
[0.440s] -- Detecting C compiler ABI info - done
[0.458s] -- Check for working C compiler: /usr/bin/cc - skipped
[0.459s] -- Detecting C compile features
[0.460s] -- Detecting C compile features - done
[0.474s] -- Detecting CXX compiler ABI info
[0.637s] -- Detecting CXX compiler ABI info - done
[0.650s] -- Check for working CXX compiler: /usr/bin/c++ - skipped
[0.650s] -- Detecting CXX compile features
[0.651s] -- Detecting CXX compile features - done
[0.664s] -- Found ament_cmake: 2.5.4 (/opt/ros/jazzy/share/ament_cmake/cmake)
[0.911s] -- Found Python3: /usr/bin/python3 (found version "3.12.3") found components: Interpreter 
[1.103s] -- Found rclcpp: 28.1.12 (/opt/ros/jazzy/share/rclcpp/cmake)
[1.192s] -- Found rosidl_generator_c: 4.6.6 (/opt/ros/jazzy/share/rosidl_generator_c/cmake)
[1.219s] -- Found rosidl_generator_cpp: 4.6.6 (/opt/ros/jazzy/share/rosidl_generator_cpp/cmake)
[1.249s] -- Using all available rosidl_typesupport_c: rosidl_typesupport_fastrtps_c;rosidl_typesupport_introspection_c
[1.284s] -- Using all available rosidl_typesupport_cpp: rosidl_typesupport_fastrtps_cpp;rosidl_typesupport_introspection_cpp
[1.421s] -- Found rmw_implementation_cmake: 7.3.2 (/opt/ros/jazzy/share/rmw_implementation_cmake/cmake)
[1.428s] -- Found rmw_fastrtps_cpp: 8.4.3 (/opt/ros/jazzy/share/rmw_fastrtps_cpp/cmake)
[1.587s] -- Found OpenSSL: /usr/lib/x86_64-linux-gnu/libcrypto.so (found version "3.0.13")  
[1.625s] -- Found FastRTPS: /opt/ros/jazzy/include (Required is at least version "2.13") 
[1.660s] -- Using RMW implementation 'rmw_fastrtps_cpp' as default
[1.787s] -- Found sensor_msgs: 5.3.6 (/opt/ros/jazzy/share/sensor_msgs/cmake)
[1.911s] -- Found nav_msgs: 5.3.6 (/opt/ros/jazzy/share/nav_msgs/cmake)
[1.975s] -- Found std_srvs: 5.3.6 (/opt/ros/jazzy/share/std_srvs/cmake)
[2.006s] -- Found tf2: 0.36.14 (/opt/ros/jazzy/share/tf2/cmake)
[2.027s] -- Found tf2_ros: 0.36.14 (/opt/ros/jazzy/share/tf2_ros/cmake)
[2.274s] -- Found ament_lint_auto: 0.17.3 (/opt/ros/jazzy/share/ament_lint_auto/cmake)
[2.447s] -- Added test 'cppcheck' to perform static code analysis on C / C++ code
[2.447s] -- Configured cppcheck include dirs: 
[2.447s] -- Configured cppcheck exclude dirs and/or files: 
[2.449s] -- Added test 'flake8' to check Python code syntax and style conventions
[2.449s] -- Configured 'flake8' exclude dirs and/or files: 
[2.451s] -- Added test 'lint_cmake' to check CMake code style
[2.452s] -- Added test 'pep257' to check Python code against some of the docstring style conventions in PEP 257
[2.455s] -- Added test 'uncrustify' to check C / C++ code style
[2.456s] -- Configured uncrustify additional arguments: 
[2.458s] -- Added test 'xmllint' to check XML markup files
[2.461s] -- Configuring done (2.4s)
[2.490s] -- Generating done (0.0s)
[2.498s] -- Build files have been written to: /home/mohammadreza/Robotic_HW_1_3/Robotic/build/robot_description
[2.511s] Invoked command in '/home/mohammadreza/Robotic_HW_1_3/Robotic/build/robot_description' returned '0': CMAKE_PREFIX_PATH=${CMAKE_PREFIX_PATH}:/home/mohammadreza/Robotic_HW_1_3/Robotic/install/robot_estimation:/opt/ros/jazzy /usr/bin/cmake /home/mohammadreza/Robotic_HW_1_3/Robotic/src/robot_description -DCMAKE_INSTALL_PREFIX=/home/mohammadreza/Robotic_HW_1_3/Robotic/install/robot_description
[2.513s] Invoking command in '/home/mohammadreza/Robotic_HW_1_3/Robotic/build/robot_description': CMAKE_PREFIX_PATH=${CMAKE_PREFIX_PATH}:/home/mohammadreza/Robotic_HW_1_3/Robotic/install/robot_estimation:/opt/ros/jazzy /usr/bin/cmake --build /home/mohammadreza/Robotic_HW_1_3/Robotic/build/robot_description -- -j20 -l20
[2.609s] [ 16%] [32mBuilding CXX object CMakeFiles/frame_id_converter_node.dir/scripts/frame_id_converter.cpp.o[0m
[2.609s] [ 33%] [32mBuilding CXX object CMakeFiles/ekf_diff_imu_node.dir/scripts/ekf_diff_imu.cpp.o[0m
[2.610s] [ 50%] [32mBuilding CXX object CMakeFiles/motor_command_node.dir/scripts/motor_command.cpp.o[0m
[11.316s] [ 66%] [32m[1mLinking CXX executable frame_id_converter_node[0m
[11.664s] [ 66%] Built target frame_id_converter_node
[11.847s] [ 83%] [32m[1mLinking CXX executable motor_command_node[0m
[12.193s] [ 83%] Built target motor_command_node
[18.181s] [100%] [32m[1mLinking CXX executable ekf_diff_imu_node[0m
[18.810s] [100%] Built target ekf_diff_imu_node
[18.824s] Invoked command in '/home/mohammadreza/Robotic_HW_1_3/Robotic/build/robot_description' returned '0': CMAKE_PREFIX_PATH=${CMAKE_PREFIX_PATH}:/home/mohammadreza/Robotic_HW_1_3/Robotic/install/robot_estimation:/opt/ros/jazzy /usr/bin/cmake --build /home/mohammadreza/Robotic_HW_1_3/Robotic/build/robot_description -- -j20 -l20
[18.841s] Invoking command in '/home/mohammadreza/Robotic_HW_1_3/Robotic/build/robot_description': CMAKE_PREFIX_PATH=${CMAKE_PREFIX_PATH}:/home/mohammadreza/Robotic_HW_1_3/Robotic/install/robot_estimation:/opt/ros/jazzy /usr/bin/cmake --install /home/mohammadreza/Robotic_HW_1_3/Robotic/build/robot_description
[18.855s] -- Install configuration: ""
[18.855s] -- Installing: /home/mohammadreza/Robotic_HW_1_3/Robotic/install/robot_description/share/robot_description/src
[18.856s] -- Installing: /home/mohammadreza/Robotic_HW_1_3/Robotic/install/robot_description/share/robot_description/src/description
[18.856s] -- Installing: /home/mohammadreza/Robotic_HW_1_3/Robotic/install/robot_description/share/robot_description/src/description/robot.urdf
[18.856s] -- Installing: /home/mohammadreza/Robotic_HW_1_3/Robotic/install/robot_description/share/robot_description/src/meshes
[18.856s] -- Installing: /home/mohammadreza/Robotic_HW_1_3/Robotic/install/robot_description/share/robot_description/src/meshes/wheel.STL
[18.858s] -- Installing: /home/mohammadreza/Robotic_HW_1_3/Robotic/install/robot_description/share/robot_description/src/meshes/wheel.usd
[18.859s] -- Installing: /home/mohammadreza/Robotic_HW_1_3/Robotic/install/robot_description/share/robot_description/src/meshes/Rear_Left_Caster_Wheel_Main.STL
[18.860s] -- Installing: /home/mohammadreza/Robotic_HW_1_3/Robotic/install/robot_description/share/robot_description/src/meshes/chasis.STL
[18.901s] -- Installing: /home/mohammadreza/Robotic_HW_1_3/Robotic/install/robot_description/share/robot_description/src/meshes/Front_Left_Caster_Wheel_Main.STL
[18.904s] -- Installing: /home/mohammadreza/Robotic_HW_1_3/Robotic/install/robot_description/share/robot_description/src/meshes/Rear_Right_Caster_Wheel_Main.STL
[18.905s] -- Installing: /home/mohammadreza/Robotic_HW_1_3/Robotic/install/robot_description/share/robot_description/src/meshes/zed.STL
[18.907s] -- Installing: /home/mohammadreza/Robotic_HW_1_3/Robotic/install/robot_description/share/robot_description/src/meshes/Rear_Trailing.STL
[18.912s] -- Installing: /home/mohammadreza/Robotic_HW_1_3/Robotic/install/robot_description/share/robot_description/src/meshes/Front_Right_Caster_Wheel_Main.STL
[18.913s] -- Installing: /home/mohammadreza/Robotic_HW_1_3/Robotic/install/robot_description/share/robot_description/launch
[18.914s] -- Installing: /home/mohammadreza/Robotic_HW_1_3/Robotic/install/robot_description/share/robot_description/launch/display.launch.py
[18.914s] -- Installing: /home/mohammadreza/Robotic_HW_1_3/Robotic/install/robot_description/share/robot_description/launch/gazebo.launch.py
[18.914s] -- Installing: /home/mohammadreza/Robotic_HW_1_3/Robotic/install/robot_description/share/robot_description/rviz
[18.914s] -- Installing: /home/mohammadreza/Robotic_HW_1_3/Robotic/install/robot_description/share/robot_description/rviz/config.rviz
[18.914s] -- Installing: /home/mohammadreza/Robotic_HW_1_3/Robotic/install/robot_description/share/robot_description/rviz/display.rviz
[18.915s] -- Installing: /home/mohammadreza/Robotic_HW_1_3/Robotic/install/robot_description/share/robot_description/config
[18.915s] -- Installing: /home/mohammadreza/Robotic_HW_1_3/Robotic/install/robot_description/share/robot_description/config/gz_bridge.yaml
[18.915s] -- Installing: /home/mohammadreza/Robotic_HW_1_3/Robotic/install/robot_description/share/robot_description/world
[18.916s] -- Installing: /home/mohammadreza/Robotic_HW_1_3/Robotic/install/robot_description/share/robot_description/world/depot.sdf
[18.916s] -- Installing: /home/mohammadreza/Robotic_HW_1_3/Robotic/install/robot_description/share/robot_description/world/test.sdf
[18.916s] -- Installing: /home/mohammadreza/Robotic_HW_1_3/Robotic/install/robot_description/share/robot_description/scripts
[18.916s] -- Installing: /home/mohammadreza/Robotic_HW_1_3/Robotic/install/robot_description/share/robot_description/scripts/motor_command.cpp
[18.916s] -- Installing: /home/mohammadreza/Robotic_HW_1_3/Robotic/install/robot_description/share/robot_description/scripts/ekf_diff_imu.cpp
[18.916s] -- Installing: /home/mohammadreza/Robotic_HW_1_3/Robotic/install/robot_description/share/robot_description/scripts/frame_id_converter.cpp
[18.917s] -- Installing: /home/mohammadreza/Robotic_HW_1_3/Robotic/install/robot_description/lib/robot_description/frame_id_converter_node
[18.921s] -- Set non-toolchain portion of runtime path of "/home/mohammadreza/Robotic_HW_1_3/Robotic/install/robot_description/lib/robot_description/frame_id_converter_node" to ""
[18.922s] -- Installing: /home/mohammadreza/Robotic_HW_1_3/Robotic/install/robot_description/lib/robot_description/ekf_diff_imu_node
[18.929s] -- Set non-toolchain portion of runtime path of "/home/mohammadreza/Robotic_HW_1_3/Robotic/install/robot_description/lib/robot_description/ekf_diff_imu_node" to ""
[18.929s] -- Installing: /home/mohammadreza/Robotic_HW_1_3/Robotic/install/robot_description/lib/robot_description/motor_command_node
[18.933s] -- Set non-toolchain portion of runtime path of "/home/mohammadreza/Robotic_HW_1_3/Robotic/install/robot_description/lib/robot_description/motor_command_node" to ""
[18.934s] -- Installing: /home/mohammadreza/Robotic_HW_1_3/Robotic/install/robot_description/share/ament_index/resource_index/package_run_dependencies/robot_description
[18.934s] -- Installing: /home/mohammadreza/Robotic_HW_1_3/Robotic/install/robot_description/share/ament_index/resource_index/parent_prefix_path/robot_description
[18.934s] -- Installing: /home/mohammadreza/Robotic_HW_1_3/Robotic/install/robot_description/share/robot_description/environment/ament_prefix_path.sh
[18.934s] -- Installing: /home/mohammadreza/Robotic_HW_1_3/Robotic/install/robot_description/share/robot_description/environment/ament_prefix_path.dsv
[18.934s] -- Installing: /home/mohammadreza/Robotic_HW_1_3/Robotic/install/robot_description/share/robot_description/environment/path.sh
[18.934s] -- Installing: /home/mohammadreza/Robotic_HW_1_3/Robotic/install/robot_description/share/robot_description/environment/path.dsv
[18.934s] -- Installing: /home/mohammadreza/Robotic_HW_1_3/Robotic/install/robot_description/share/robot_description/local_setup.bash
[18.934s] -- Installing: /home/mohammadreza/Robotic_HW_1_3/Robotic/install/robot_description/share/robot_description/local_setup.sh
[18.934s] -- Installing: /home/mohammadreza/Robotic_HW_1_3/Robotic/install/robot_description/share/robot_description/local_setup.zsh
[18.934s] -- Installing: /home/mohammadreza/Robotic_HW_1_3/Robotic/install/robot_description/share/robot_description/local_setup.dsv
[18.935s] -- Installing: /home/mohammadreza/Robotic_HW_1_3/Robotic/install/robot_description/share/robot_description/package.dsv
[18.935s] -- Installing: /home/mohammadreza/Robotic_HW_1_3/Robotic/install/robot_description/share/ament_index/resource_index/packages/robot_description
[18.935s] -- Installing: /home/mohammadreza/Robotic_HW_1_3/Robotic/install/robot_description/share/robot_description/cmake/robot_descriptionConfig.cmake
[18.935s] -- Installing: /home/mohammadreza/Robotic_HW_1_3/Robotic/install/robot_description/share/robot_description/cmake/robot_descriptionConfig-version.cmake
[18.935s] -- Installing: /home/mohammadreza/Robotic_HW_1_3/Robotic/install/robot_description/share/robot_description/package.xml
[18.936s] Invoked command in '/home/mohammadreza/Robotic_HW_1_3/Robotic/build/robot_description' returned '0': CMAKE_PREFIX_PATH=${CMAKE_PREFIX_PATH}:/home/mohammadreza/Robotic_HW_1_3/Robotic/install/robot_estimation:/opt/ros/jazzy /usr/bin/cmake --install /home/mohammadreza/Robotic_HW_1_3/Robotic/build/robot_description
