-- Found ament_cmake: 2.5.4 (/opt/ros/jazzy/share/ament_cmake/cmake)
-- Found rclcpp: 28.1.12 (/opt/ros/jazzy/share/rclcpp/cmake)
-- Found rosidl_generator_c: 4.6.6 (/opt/ros/jazzy/share/rosidl_generator_c/cmake)
-- Found rosidl_generator_cpp: 4.6.6 (/opt/ros/jazzy/share/rosidl_generator_cpp/cmake)
-- Using all available rosidl_typesupport_c: rosidl_typesupport_fastrtps_c;rosidl_typesupport_introspection_c
-- Using all available rosidl_typesupport_cpp: rosidl_typesupport_fastrtps_cpp;rosidl_typesupport_introspection_cpp
-- Found rmw_implementation_cmake: 7.3.2 (/opt/ros/jazzy/share/rmw_implementation_cmake/cmake)
-- Found rmw_fastrtps_cpp: 8.4.3 (/opt/ros/jazzy/share/rmw_fastrtps_cpp/cmake)
-- Using RMW implementation 'rmw_fastrtps_cpp' as default
-- Found sensor_msgs: 5.3.6 (/opt/ros/jazzy/share/sensor_msgs/cmake)
-- Found nav_msgs: 5.3.6 (/opt/ros/jazzy/share/nav_msgs/cmake)
-- Found std_srvs: 5.3.6 (/opt/ros/jazzy/share/std_srvs/cmake)
-- Found tf2: 0.36.14 (/opt/ros/jazzy/share/tf2/cmake)
-- Found tf2_ros: 0.36.14 (/opt/ros/jazzy/share/tf2_ros/cmake)
-- Found rclpy: 7.1.5 (/opt/ros/jazzy/share/rclpy/cmake)
-- Found ament_lint_auto: 0.17.3 (/opt/ros/jazzy/share/ament_lint_auto/cmake)
-- Added test 'cppcheck' to perform static code analysis on C / C++ code
-- Configured cppcheck include dirs: 
-- Configured cppcheck exclude dirs and/or files: 
-- Added test 'flake8' to check Python code syntax and style conventions
-- Configured 'flake8' exclude dirs and/or files: 
-- Added test 'lint_cmake' to check CMake code style
-- Added test 'pep257' to check Python code against some of the docstring style conventions in PEP 257
-- Added test 'uncrustify' to check C / C++ code style
-- Configured uncrustify additional arguments: 
-- Added test 'xmllint' to check XML markup files
-- Configuring done (0.5s)
-- Generating done (0.0s)
-- Build files have been written to: /home/mohammadreza/Robot/HW3/build/robot_description
[ 33%] Built target frame_id_converter_node
[ 66%] Built target ekf_diff_imu_node
[100%] Built target motor_command_node
-- Install configuration: ""
-- Up-to-date: /home/mohammadreza/Robot/HW3/install/robot_description/share/robot_description/src
-- Up-to-date: /home/mohammadreza/Robot/HW3/install/robot_description/share/robot_description/src/description
-- Up-to-date: /home/mohammadreza/Robot/HW3/install/robot_description/share/robot_description/src/description/robot.urdf
-- Up-to-date: /home/mohammadreza/Robot/HW3/install/robot_description/share/robot_description/src/meshes
-- Up-to-date: /home/mohammadreza/Robot/HW3/install/robot_description/share/robot_description/src/meshes/wheel.STL
-- Up-to-date: /home/mohammadreza/Robot/HW3/install/robot_description/share/robot_description/src/meshes/wheel.usd
-- Up-to-date: /home/mohammadreza/Robot/HW3/install/robot_description/share/robot_description/src/meshes/Rear_Left_Caster_Wheel_Main.STL
-- Up-to-date: /home/mohammadreza/Robot/HW3/install/robot_description/share/robot_description/src/meshes/chasis.STL
-- Up-to-date: /home/mohammadreza/Robot/HW3/install/robot_description/share/robot_description/src/meshes/Front_Left_Caster_Wheel_Main.STL
-- Up-to-date: /home/mohammadreza/Robot/HW3/install/robot_description/share/robot_description/src/meshes/Rear_Right_Caster_Wheel_Main.STL
-- Up-to-date: /home/mohammadreza/Robot/HW3/install/robot_description/share/robot_description/src/meshes/zed.STL
-- Up-to-date: /home/mohammadreza/Robot/HW3/install/robot_description/share/robot_description/src/meshes/Rear_Trailing.STL
-- Up-to-date: /home/mohammadreza/Robot/HW3/install/robot_description/share/robot_description/src/meshes/Front_Right_Caster_Wheel_Main.STL
-- Up-to-date: /home/mohammadreza/Robot/HW3/install/robot_description/share/robot_description/launch
-- Up-to-date: /home/mohammadreza/Robot/HW3/install/robot_description/share/robot_description/launch/display.launch.py
-- Up-to-date: /home/mohammadreza/Robot/HW3/install/robot_description/share/robot_description/launch/gazebo.launch.py
-- Up-to-date: /home/mohammadreza/Robot/HW3/install/robot_description/share/robot_description/rviz
-- Up-to-date: /home/mohammadreza/Robot/HW3/install/robot_description/share/robot_description/rviz/config.rviz
-- Up-to-date: /home/mohammadreza/Robot/HW3/install/robot_description/share/robot_description/rviz/c.rviz
-- Up-to-date: /home/mohammadreza/Robot/HW3/install/robot_description/share/robot_description/config
-- Up-to-date: /home/mohammadreza/Robot/HW3/install/robot_description/share/robot_description/config/gz_bridge.yaml
-- Up-to-date: /home/mohammadreza/Robot/HW3/install/robot_description/share/robot_description/config/rtabmap_slam.yaml
-- Up-to-date: /home/mohammadreza/Robot/HW3/install/robot_description/share/robot_description/world
-- Up-to-date: /home/mohammadreza/Robot/HW3/install/robot_description/share/robot_description/world/depot.sdf
-- Up-to-date: /home/mohammadreza/Robot/HW3/install/robot_description/share/robot_description/world/test.sdf
-- Up-to-date: /home/mohammadreza/Robot/HW3/install/robot_description/share/robot_description/scripts
-- Up-to-date: /home/mohammadreza/Robot/HW3/install/robot_description/share/robot_description/scripts/motor_command.cpp
-- Up-to-date: /home/mohammadreza/Robot/HW3/install/robot_description/share/robot_description/scripts/map_publisher.py
-- Up-to-date: /home/mohammadreza/Robot/HW3/install/robot_description/share/robot_description/scripts/particle_filter.py
-- Up-to-date: /home/mohammadreza/Robot/HW3/install/robot_description/share/robot_description/scripts/gym_gazebo_env.py
-- Up-to-date: /home/mohammadreza/Robot/HW3/install/robot_description/share/robot_description/scripts/ekf_diff_imu.cpp
-- Up-to-date: /home/mohammadreza/Robot/HW3/install/robot_description/share/robot_description/scripts/a_star_planner.py
-- Up-to-date: /home/mohammadreza/Robot/HW3/install/robot_description/share/robot_description/scripts/test_env.py
-- Up-to-date: /home/mohammadreza/Robot/HW3/install/robot_description/share/robot_description/scripts/frame_id_converter.cpp
-- Up-to-date: /home/mohammadreza/Robot/HW3/install/robot_description/share/robot_description/scripts/__pycache__
-- Up-to-date: /home/mohammadreza/Robot/HW3/install/robot_description/share/robot_description/scripts/__pycache__/gym_gazebo_env.cpython-310.pyc
-- Up-to-date: /home/mohammadreza/Robot/HW3/install/robot_description/lib/robot_description/frame_id_converter_node
-- Up-to-date: /home/mohammadreza/Robot/HW3/install/robot_description/lib/robot_description/ekf_diff_imu_node
-- Up-to-date: /home/mohammadreza/Robot/HW3/install/robot_description/lib/robot_description/motor_command_node
-- Up-to-date: /home/mohammadreza/Robot/HW3/install/robot_description/lib/robot_description/map_publisher.py
-- Up-to-date: /home/mohammadreza/Robot/HW3/install/robot_description/lib/robot_description/particle_filter.py
-- Installing: /home/mohammadreza/Robot/HW3/install/robot_description/lib/robot_description/a_star_planner.py
-- Up-to-date: /home/mohammadreza/Robot/HW3/install/robot_description/share/robot_description/maps
-- Up-to-date: /home/mohammadreza/Robot/HW3/install/robot_description/share/robot_description/maps/depot.yaml
-- Up-to-date: /home/mohammadreza/Robot/HW3/install/robot_description/share/robot_description/maps/depot.pgm
-- Up-to-date: /home/mohammadreza/Robot/HW3/install/robot_description/share/ament_index/resource_index/package_run_dependencies/robot_description
-- Up-to-date: /home/mohammadreza/Robot/HW3/install/robot_description/share/ament_index/resource_index/parent_prefix_path/robot_description
-- Up-to-date: /home/mohammadreza/Robot/HW3/install/robot_description/share/robot_description/environment/ament_prefix_path.sh
-- Up-to-date: /home/mohammadreza/Robot/HW3/install/robot_description/share/robot_description/environment/ament_prefix_path.dsv
-- Up-to-date: /home/mohammadreza/Robot/HW3/install/robot_description/share/robot_description/environment/path.sh
-- Up-to-date: /home/mohammadreza/Robot/HW3/install/robot_description/share/robot_description/environment/path.dsv
-- Up-to-date: /home/mohammadreza/Robot/HW3/install/robot_description/share/robot_description/local_setup.bash
-- Up-to-date: /home/mohammadreza/Robot/HW3/install/robot_description/share/robot_description/local_setup.sh
-- Up-to-date: /home/mohammadreza/Robot/HW3/install/robot_description/share/robot_description/local_setup.zsh
-- Up-to-date: /home/mohammadreza/Robot/HW3/install/robot_description/share/robot_description/local_setup.dsv
-- Installing: /home/mohammadreza/Robot/HW3/install/robot_description/share/robot_description/package.dsv
-- Up-to-date: /home/mohammadreza/Robot/HW3/install/robot_description/share/ament_index/resource_index/packages/robot_description
-- Up-to-date: /home/mohammadreza/Robot/HW3/install/robot_description/share/robot_description/cmake/robot_descriptionConfig.cmake
-- Up-to-date: /home/mohammadreza/Robot/HW3/install/robot_description/share/robot_description/cmake/robot_descriptionConfig-version.cmake
-- Up-to-date: /home/mohammadreza/Robot/HW3/install/robot_description/share/robot_description/package.xml
