[0.010s] Invoking command in '/home/mohammadreza/Robot/HW3/build/robot_description': CMAKE_PREFIX_PATH=${CMAKE_PREFIX_PATH}:/opt/ros/jazzy /usr/bin/cmake --build /home/mohammadreza/Robot/HW3/build/robot_description -- -j20 -l20
[0.030s] -- Found ament_cmake: 2.5.4 (/opt/ros/jazzy/share/ament_cmake/cmake)
[0.175s] -- Found rclcpp: 28.1.12 (/opt/ros/jazzy/share/rclcpp/cmake)
[0.192s] -- Found rosidl_generator_c: 4.6.6 (/opt/ros/jazzy/share/rosidl_generator_c/cmake)
[0.198s] -- Found rosidl_generator_cpp: 4.6.6 (/opt/ros/jazzy/share/rosidl_generator_cpp/cmake)
[0.204s] -- Using all available rosidl_typesupport_c: rosidl_typesupport_fastrtps_c;rosidl_typesupport_introspection_c
[0.212s] -- Using all available rosidl_typesupport_cpp: rosidl_typesupport_fastrtps_cpp;rosidl_typesupport_introspection_cpp
[0.247s] -- Found rmw_implementation_cmake: 7.3.2 (/opt/ros/jazzy/share/rmw_implementation_cmake/cmake)
[0.248s] -- Found rmw_fastrtps_cpp: 8.4.3 (/opt/ros/jazzy/share/rmw_fastrtps_cpp/cmake)
[0.294s] -- Using RMW implementation 'rmw_fastrtps_cpp' as default
[0.335s] -- Found sensor_msgs: 5.3.6 (/opt/ros/jazzy/share/sensor_msgs/cmake)
[0.368s] -- Found nav_msgs: 5.3.6 (/opt/ros/jazzy/share/nav_msgs/cmake)
[0.383s] -- Found std_srvs: 5.3.6 (/opt/ros/jazzy/share/std_srvs/cmake)
[0.392s] -- Found tf2: 0.36.14 (/opt/ros/jazzy/share/tf2/cmake)
[0.395s] -- Found tf2_ros: 0.36.14 (/opt/ros/jazzy/share/tf2_ros/cmake)
[0.458s] -- Found rclpy: 7.1.5 (/opt/ros/jazzy/share/rclpy/cmake)
[0.460s] -- Found ament_lint_auto: 0.17.3 (/opt/ros/jazzy/share/ament_lint_auto/cmake)
[0.519s] -- Added test 'cppcheck' to perform static code analysis on C / C++ code
[0.519s] -- Configured cppcheck include dirs: 
[0.519s] -- Configured cppcheck exclude dirs and/or files: 
[0.519s] -- Added test 'flake8' to check Python code syntax and style conventions
[0.519s] -- Configured 'flake8' exclude dirs and/or files: 
[0.519s] -- Added test 'lint_cmake' to check CMake code style
[0.520s] -- Added test 'pep257' to check Python code against some of the docstring style conventions in PEP 257
[0.521s] -- Added test 'uncrustify' to check C / C++ code style
[0.521s] -- Configured uncrustify additional arguments: 
[0.521s] -- Added test 'xmllint' to check XML markup files
[0.521s] -- Configuring done (0.5s)
[0.535s] -- Generating done (0.0s)
[0.539s] -- Build files have been written to: /home/mohammadreza/Robot/HW3/build/robot_description
[0.572s] [ 33%] Built target frame_id_converter_node
[0.575s] [ 66%] Built target ekf_diff_imu_node
[0.576s] [100%] Built target motor_command_node
[0.585s] Invoked command in '/home/mohammadreza/Robot/HW3/build/robot_description' returned '0': CMAKE_PREFIX_PATH=${CMAKE_PREFIX_PATH}:/opt/ros/jazzy /usr/bin/cmake --build /home/mohammadreza/Robot/HW3/build/robot_description -- -j20 -l20
[0.594s] Invoking command in '/home/mohammadreza/Robot/HW3/build/robot_description': CMAKE_PREFIX_PATH=${CMAKE_PREFIX_PATH}:/opt/ros/jazzy /usr/bin/cmake --install /home/mohammadreza/Robot/HW3/build/robot_description
[0.602s] -- Install configuration: ""
[0.602s] -- Up-to-date: /home/mohammadreza/Robot/HW3/install/robot_description/share/robot_description/src
[0.602s] -- Up-to-date: /home/mohammadreza/Robot/HW3/install/robot_description/share/robot_description/src/description
[0.602s] -- Up-to-date: /home/mohammadreza/Robot/HW3/install/robot_description/share/robot_description/src/description/robot.urdf
[0.602s] -- Up-to-date: /home/mohammadreza/Robot/HW3/install/robot_description/share/robot_description/src/meshes
[0.602s] -- Up-to-date: /home/mohammadreza/Robot/HW3/install/robot_description/share/robot_description/src/meshes/wheel.STL
[0.602s] -- Up-to-date: /home/mohammadreza/Robot/HW3/install/robot_description/share/robot_description/src/meshes/wheel.usd
[0.603s] -- Up-to-date: /home/mohammadreza/Robot/HW3/install/robot_description/share/robot_description/src/meshes/Rear_Left_Caster_Wheel_Main.STL
[0.603s] -- Up-to-date: /home/mohammadreza/Robot/HW3/install/robot_description/share/robot_description/src/meshes/chasis.STL
[0.603s] -- Up-to-date: /home/mohammadreza/Robot/HW3/install/robot_description/share/robot_description/src/meshes/Front_Left_Caster_Wheel_Main.STL
[0.603s] -- Up-to-date: /home/mohammadreza/Robot/HW3/install/robot_description/share/robot_description/src/meshes/Rear_Right_Caster_Wheel_Main.STL
[0.603s] -- Up-to-date: /home/mohammadreza/Robot/HW3/install/robot_description/share/robot_description/src/meshes/zed.STL
[0.603s] -- Up-to-date: /home/mohammadreza/Robot/HW3/install/robot_description/share/robot_description/src/meshes/Rear_Trailing.STL
[0.603s] -- Up-to-date: /home/mohammadreza/Robot/HW3/install/robot_description/share/robot_description/src/meshes/Front_Right_Caster_Wheel_Main.STL
[0.603s] -- Up-to-date: /home/mohammadreza/Robot/HW3/install/robot_description/share/robot_description/launch
[0.603s] -- Up-to-date: /home/mohammadreza/Robot/HW3/install/robot_description/share/robot_description/launch/display.launch.py
[0.603s] -- Up-to-date: /home/mohammadreza/Robot/HW3/install/robot_description/share/robot_description/launch/gazebo.launch.py
[0.604s] -- Up-to-date: /home/mohammadreza/Robot/HW3/install/robot_description/share/robot_description/rviz
[0.604s] -- Up-to-date: /home/mohammadreza/Robot/HW3/install/robot_description/share/robot_description/rviz/config.rviz
[0.604s] -- Up-to-date: /home/mohammadreza/Robot/HW3/install/robot_description/share/robot_description/rviz/c.rviz
[0.604s] -- Up-to-date: /home/mohammadreza/Robot/HW3/install/robot_description/share/robot_description/config
[0.604s] -- Up-to-date: /home/mohammadreza/Robot/HW3/install/robot_description/share/robot_description/config/gz_bridge.yaml
[0.604s] -- Up-to-date: /home/mohammadreza/Robot/HW3/install/robot_description/share/robot_description/config/rtabmap_slam.yaml
[0.604s] -- Up-to-date: /home/mohammadreza/Robot/HW3/install/robot_description/share/robot_description/world
[0.604s] -- Up-to-date: /home/mohammadreza/Robot/HW3/install/robot_description/share/robot_description/world/depot.sdf
[0.604s] -- Up-to-date: /home/mohammadreza/Robot/HW3/install/robot_description/share/robot_description/world/test.sdf
[0.604s] -- Up-to-date: /home/mohammadreza/Robot/HW3/install/robot_description/share/robot_description/scripts
[0.604s] -- Up-to-date: /home/mohammadreza/Robot/HW3/install/robot_description/share/robot_description/scripts/motor_command.cpp
[0.605s] -- Up-to-date: /home/mohammadreza/Robot/HW3/install/robot_description/share/robot_description/scripts/map_publisher.py
[0.605s] -- Up-to-date: /home/mohammadreza/Robot/HW3/install/robot_description/share/robot_description/scripts/particle_filter.py
[0.605s] -- Up-to-date: /home/mohammadreza/Robot/HW3/install/robot_description/share/robot_description/scripts/gym_gazebo_env.py
[0.605s] -- Up-to-date: /home/mohammadreza/Robot/HW3/install/robot_description/share/robot_description/scripts/ekf_diff_imu.cpp
[0.605s] -- Up-to-date: /home/mohammadreza/Robot/HW3/install/robot_description/share/robot_description/scripts/a_star_planner.py
[0.605s] -- Up-to-date: /home/mohammadreza/Robot/HW3/install/robot_description/share/robot_description/scripts/test_env.py
[0.605s] -- Up-to-date: /home/mohammadreza/Robot/HW3/install/robot_description/share/robot_description/scripts/frame_id_converter.cpp
[0.605s] -- Up-to-date: /home/mohammadreza/Robot/HW3/install/robot_description/share/robot_description/scripts/__pycache__
[0.605s] -- Up-to-date: /home/mohammadreza/Robot/HW3/install/robot_description/share/robot_description/scripts/__pycache__/gym_gazebo_env.cpython-310.pyc
[0.606s] -- Up-to-date: /home/mohammadreza/Robot/HW3/install/robot_description/lib/robot_description/frame_id_converter_node
[0.606s] -- Up-to-date: /home/mohammadreza/Robot/HW3/install/robot_description/lib/robot_description/ekf_diff_imu_node
[0.606s] -- Up-to-date: /home/mohammadreza/Robot/HW3/install/robot_description/lib/robot_description/motor_command_node
[0.606s] -- Up-to-date: /home/mohammadreza/Robot/HW3/install/robot_description/lib/robot_description/map_publisher.py
[0.606s] -- Up-to-date: /home/mohammadreza/Robot/HW3/install/robot_description/lib/robot_description/particle_filter.py
[0.606s] -- Installing: /home/mohammadreza/Robot/HW3/install/robot_description/lib/robot_description/a_star_planner.py
[0.606s] -- Up-to-date: /home/mohammadreza/Robot/HW3/install/robot_description/share/robot_description/maps
[0.607s] -- Up-to-date: /home/mohammadreza/Robot/HW3/install/robot_description/share/robot_description/maps/depot.yaml
[0.607s] -- Up-to-date: /home/mohammadreza/Robot/HW3/install/robot_description/share/robot_description/maps/depot.pgm
[0.607s] -- Up-to-date: /home/mohammadreza/Robot/HW3/install/robot_description/share/ament_index/resource_index/package_run_dependencies/robot_description
[0.607s] -- Up-to-date: /home/mohammadreza/Robot/HW3/install/robot_description/share/ament_index/resource_index/parent_prefix_path/robot_description
[0.607s] -- Up-to-date: /home/mohammadreza/Robot/HW3/install/robot_description/share/robot_description/environment/ament_prefix_path.sh
[0.607s] -- Up-to-date: /home/mohammadreza/Robot/HW3/install/robot_description/share/robot_description/environment/ament_prefix_path.dsv
[0.607s] -- Up-to-date: /home/mohammadreza/Robot/HW3/install/robot_description/share/robot_description/environment/path.sh
[0.607s] -- Up-to-date: /home/mohammadreza/Robot/HW3/install/robot_description/share/robot_description/environment/path.dsv
[0.607s] -- Up-to-date: /home/mohammadreza/Robot/HW3/install/robot_description/share/robot_description/local_setup.bash
[0.608s] -- Up-to-date: /home/mohammadreza/Robot/HW3/install/robot_description/share/robot_description/local_setup.sh
[0.608s] -- Up-to-date: /home/mohammadreza/Robot/HW3/install/robot_description/share/robot_description/local_setup.zsh
[0.608s] -- Up-to-date: /home/mohammadreza/Robot/HW3/install/robot_description/share/robot_description/local_setup.dsv
[0.608s] -- Installing: /home/mohammadreza/Robot/HW3/install/robot_description/share/robot_description/package.dsv
[0.608s] -- Up-to-date: /home/mohammadreza/Robot/HW3/install/robot_description/share/ament_index/resource_index/packages/robot_description
[0.608s] -- Up-to-date: /home/mohammadreza/Robot/HW3/install/robot_description/share/robot_description/cmake/robot_descriptionConfig.cmake
[0.608s] -- Up-to-date: /home/mohammadreza/Robot/HW3/install/robot_description/share/robot_description/cmake/robot_descriptionConfig-version.cmake
[0.608s] -- Up-to-date: /home/mohammadreza/Robot/HW3/install/robot_description/share/robot_description/package.xml
[0.608s] Invoked command in '/home/mohammadreza/Robot/HW3/build/robot_description' returned '0': CMAKE_PREFIX_PATH=${CMAKE_PREFIX_PATH}:/opt/ros/jazzy /usr/bin/cmake --install /home/mohammadreza/Robot/HW3/build/robot_description
