[ 33%] Built target frame_id_converter_node
[ 66%] Built target motor_command_node
[100%] Built target ekf_diff_imu_node
-- Install configuration: ""
-- Up-to-date: /home/mohammadreza/Robot/HW3/install/robot_description/share/robot_description/src
-- Up-to-date: /home/mohammadreza/Robot/HW3/install/robot_description/share/robot_description/src/description
-- Up-to-date: /home/mohammadreza/Robot/HW3/install/robot_description/share/robot_description/src/description/robot.urdf
-- Up-to-date: /home/mohammadreza/Robot/HW3/install/robot_description/share/robot_description/src/meshes
-- Up-to-date: /home/mohammadreza/Robot/HW3/install/robot_description/share/robot_description/src/meshes/wheel.STL
-- Up-to-date: /home/mohammadreza/Robot/HW3/install/robot_description/share/robot_description/src/meshes/wheel.usd
-- Up-to-date: /home/mohammadreza/Robot/HW3/install/robot_description/share/robot_description/src/meshes/Rear_Left_Caster_Wheel_Main.STL
-- Up-to-date: /home/mohammadreza/Robot/HW3/install/robot_description/share/robot_description/src/meshes/chasis.STL
-- Up-to-date: /home/mohammadreza/Robot/HW3/install/robot_description/share/robot_description/src/meshes/Front_Left_Caster_Wheel_Main.STL
-- Up-to-date: /home/mohammadreza/Robot/HW3/install/robot_description/share/robot_description/src/meshes/Rear_Right_Caster_Wheel_Main.STL
-- Up-to-date: /home/mohammadreza/Robot/HW3/install/robot_description/share/robot_description/src/meshes/zed.STL
-- Up-to-date: /home/mohammadreza/Robot/HW3/install/robot_description/share/robot_description/src/meshes/Rear_Trailing.STL
-- Up-to-date: /home/mohammadreza/Robot/HW3/install/robot_description/share/robot_description/src/meshes/Front_Right_Caster_Wheel_Main.STL
-- Up-to-date: /home/mohammadreza/Robot/HW3/install/robot_description/share/robot_description/launch
-- Up-to-date: /home/mohammadreza/Robot/HW3/install/robot_description/share/robot_description/launch/display.launch.py
-- Installing: /home/mohammadreza/Robot/HW3/install/robot_description/share/robot_description/launch/gazebo.launch.py
-- Up-to-date: /home/mohammadreza/Robot/HW3/install/robot_description/share/robot_description/rviz
-- Up-to-date: /home/mohammadreza/Robot/HW3/install/robot_description/share/robot_description/rviz/config.rviz
-- Installing: /home/mohammadreza/Robot/HW3/install/robot_description/share/robot_description/rviz/c.rviz
-- Up-to-date: /home/mohammadreza/Robot/HW3/install/robot_description/share/robot_description/config
-- Up-to-date: /home/mohammadreza/Robot/HW3/install/robot_description/share/robot_description/config/gz_bridge.yaml
-- Up-to-date: /home/mohammadreza/Robot/HW3/install/robot_description/share/robot_description/config/rtabmap_slam.yaml
-- Up-to-date: /home/mohammadreza/Robot/HW3/install/robot_description/share/robot_description/world
-- Up-to-date: /home/mohammadreza/Robot/HW3/install/robot_description/share/robot_description/world/depot.sdf
-- Up-to-date: /home/mohammadreza/Robot/HW3/install/robot_description/share/robot_description/world/test.sdf
-- Up-to-date: /home/mohammadreza/Robot/HW3/install/robot_description/share/robot_description/scripts
-- Up-to-date: /home/mohammadreza/Robot/HW3/install/robot_description/share/robot_description/scripts/motor_command.cpp
-- Up-to-date: /home/mohammadreza/Robot/HW3/install/robot_description/share/robot_description/scripts/map_publisher.py
-- Installing: /home/mohammadreza/Robot/HW3/install/robot_description/share/robot_description/scripts/particle_filter.py
-- Up-to-date: /home/mohammadreza/Robot/HW3/install/robot_description/share/robot_description/scripts/gym_gazebo_env.py
-- Up-to-date: /home/mohammadreza/Robot/HW3/install/robot_description/share/robot_description/scripts/ekf_diff_imu.cpp
-- Up-to-date: /home/mohammadreza/Robot/HW3/install/robot_description/share/robot_description/scripts/test_env.py
-- Up-to-date: /home/mohammadreza/Robot/HW3/install/robot_description/share/robot_description/scripts/frame_id_converter.cpp
-- Up-to-date: /home/mohammadreza/Robot/HW3/install/robot_description/share/robot_description/scripts/__pycache__
-- Up-to-date: /home/mohammadreza/Robot/HW3/install/robot_description/share/robot_description/scripts/__pycache__/gym_gazebo_env.cpython-310.pyc
-- Up-to-date: /home/mohammadreza/Robot/HW3/install/robot_description/lib/robot_description/frame_id_converter_node
-- Up-to-date: /home/mohammadreza/Robot/HW3/install/robot_description/lib/robot_description/ekf_diff_imu_node
-- Up-to-date: /home/mohammadreza/Robot/HW3/install/robot_description/lib/robot_description/motor_command_node
-- Up-to-date: /home/mohammadreza/Robot/HW3/install/robot_description/lib/robot_description/map_publisher.py
-- Installing: /home/mohammadreza/Robot/HW3/install/robot_description/lib/robot_description/particle_filter.py
-- Up-to-date: /home/mohammadreza/Robot/HW3/install/robot_description/share/robot_description/maps
-- Up-to-date: /home/mohammadreza/Robot/HW3/install/robot_description/share/robot_description/maps/depot.yaml
-- Up-to-date: /home/mohammadreza/Robot/HW3/install/robot_description/share/robot_description/maps/depot.pgm
-- Up-to-date: /home/mohammadreza/Robot/HW3/install/robot_description/share/ament_index/resource_index/package_run_dependencies/robot_description
-- Up-to-date: /home/mohammadreza/Robot/HW3/install/robot_description/share/ament_index/resource_index/parent_prefix_path/robot_description
-- Up-to-date: /home/mohammadreza/Robot/HW3/install/robot_description/share/robot_description/environment/ament_prefix_path.sh
-- Up-to-date: /home/mohammadreza/Robot/HW3/install/robot_description/share/robot_description/environment/ament_prefix_path.dsv
-- Up-to-date: /home/mohammadreza/Robot/HW3/install/robot_description/share/robot_description/environment/path.sh
-- Up-to-date: /home/mohammadreza/Robot/HW3/install/robot_description/share/robot_description/environment/path.dsv
-- Up-to-date: /home/mohammadreza/Robot/HW3/install/robot_description/share/robot_description/local_setup.bash
-- Up-to-date: /home/mohammadreza/Robot/HW3/install/robot_description/share/robot_description/local_setup.sh
-- Up-to-date: /home/mohammadreza/Robot/HW3/install/robot_description/share/robot_description/local_setup.zsh
-- Up-to-date: /home/mohammadreza/Robot/HW3/install/robot_description/share/robot_description/local_setup.dsv
-- Installing: /home/mohammadreza/Robot/HW3/install/robot_description/share/robot_description/package.dsv
-- Up-to-date: /home/mohammadreza/Robot/HW3/install/robot_description/share/ament_index/resource_index/packages/robot_description
-- Up-to-date: /home/mohammadreza/Robot/HW3/install/robot_description/share/robot_description/cmake/robot_descriptionConfig.cmake
-- Up-to-date: /home/mohammadreza/Robot/HW3/install/robot_description/share/robot_description/cmake/robot_descriptionConfig-version.cmake
-- Up-to-date: /home/mohammadreza/Robot/HW3/install/robot_description/share/robot_description/package.xml
