[0.530s] DEBUG:colcon:Command line arguments: ['/usr/bin/colcon', 'build', '--packages-select', 'robot_description']
[0.530s] DEBUG:colcon:Parsed command line arguments: Namespace(log_base=None, log_level=None, verb_name='build', build_base='build', install_base='install', merge_install=False, symlink_install=False, test_result_base=None, continue_on_error=False, executor='parallel', parallel_workers=20, event_handlers=None, ignore_user_meta=False, metas=['./colcon.meta'], base_paths=['.'], packages_ignore=None, packages_ignore_regex=None, paths=None, packages_up_to=None, packages_up_to_regex=None, packages_above=None, packages_above_and_dependencies=None, packages_above_depth=None, packages_select_by_dep=None, packages_skip_by_dep=None, packages_skip_up_to=None, packages_select_build_failed=False, packages_skip_build_finished=False, packages_select_test_failures=False, packages_skip_test_passed=False, packages_select=['robot_description'], packages_skip=None, packages_select_regex=None, packages_skip_regex=None, packages_start=None, packages_end=None, allow_overriding=[], cmake_args=None, cmake_target=None, cmake_target_skip_unavailable=False, cmake_clean_cache=False, cmake_clean_first=False, cmake_force_configure=False, ament_cmake_args=None, catkin_cmake_args=None, catkin_skip_building_tests=False, mixin_files=None, mixin=None, verb_parser=<colcon_mixin.mixin.mixin_argument.MixinArgumentDecorator object at 0x73a6e05c2450>, verb_extension=<colcon_core.verb.build.BuildVerb object at 0x73a6e053ed80>, main=<bound method BuildVerb.main of <colcon_core.verb.build.BuildVerb object at 0x73a6e053ed80>>, mixin_verb=('build',))
[0.669s] Level 1:colcon.colcon_core.package_discovery:discover_packages(colcon_meta) check parameters
[0.669s] Level 1:colcon.colcon_core.package_discovery:discover_packages(recursive) check parameters
[0.669s] Level 1:colcon.colcon_core.package_discovery:discover_packages(ignore) check parameters
[0.669s] Level 1:colcon.colcon_core.package_discovery:discover_packages(path) check parameters
[0.669s] Level 1:colcon.colcon_core.package_discovery:discover_packages(colcon_meta) discover
[0.669s] Level 1:colcon.colcon_core.package_discovery:discover_packages(recursive) discover
[0.669s] INFO:colcon.colcon_core.package_discovery:Crawling recursively for packages in '/home/mohammadreza/Robot/HW3'
[0.670s] Level 1:colcon.colcon_core.package_identification:_identify(.) by extensions ['ignore', 'ignore_ament_install']
[0.670s] Level 1:colcon.colcon_core.package_identification:_identify(.) by extension 'ignore'
[0.670s] Level 1:colcon.colcon_core.package_identification:_identify(.) by extension 'ignore_ament_install'
[0.670s] Level 1:colcon.colcon_core.package_identification:_identify(.) by extensions ['colcon_pkg']
[0.670s] Level 1:colcon.colcon_core.package_identification:_identify(.) by extension 'colcon_pkg'
[0.670s] Level 1:colcon.colcon_core.package_identification:_identify(.) by extensions ['colcon_meta']
[0.670s] Level 1:colcon.colcon_core.package_identification:_identify(.) by extension 'colcon_meta'
[0.670s] Level 1:colcon.colcon_core.package_identification:_identify(.) by extensions ['ros']
[0.671s] Level 1:colcon.colcon_core.package_identification:_identify(.) by extension 'ros'
[0.737s] Level 1:colcon.colcon_core.package_identification:_identify(.) by extensions ['cmake', 'python']
[0.738s] Level 1:colcon.colcon_core.package_identification:_identify(.) by extension 'cmake'
[0.738s] Level 1:colcon.colcon_core.package_identification:_identify(.) by extension 'python'
[0.738s] Level 1:colcon.colcon_core.package_identification:_identify(.) by extensions ['python_setup_py']
[0.738s] Level 1:colcon.colcon_core.package_identification:_identify(.) by extension 'python_setup_py'
[0.738s] Level 1:colcon.colcon_core.package_identification:_identify(build) by extensions ['ignore', 'ignore_ament_install']
[0.738s] Level 1:colcon.colcon_core.package_identification:_identify(build) by extension 'ignore'
[0.739s] Level 1:colcon.colcon_core.package_identification:_identify(build) ignored
[0.739s] Level 1:colcon.colcon_core.package_identification:_identify(install) by extensions ['ignore', 'ignore_ament_install']
[0.739s] Level 1:colcon.colcon_core.package_identification:_identify(install) by extension 'ignore'
[0.739s] Level 1:colcon.colcon_core.package_identification:_identify(install) ignored
[0.739s] Level 1:colcon.colcon_core.package_identification:_identify(log) by extensions ['ignore', 'ignore_ament_install']
[0.740s] Level 1:colcon.colcon_core.package_identification:_identify(log) by extension 'ignore'
[0.740s] Level 1:colcon.colcon_core.package_identification:_identify(log) ignored
[0.740s] Level 1:colcon.colcon_core.package_identification:_identify(src) by extensions ['ignore', 'ignore_ament_install']
[0.740s] Level 1:colcon.colcon_core.package_identification:_identify(src) by extension 'ignore'
[0.740s] Level 1:colcon.colcon_core.package_identification:_identify(src) by extension 'ignore_ament_install'
[0.740s] Level 1:colcon.colcon_core.package_identification:_identify(src) by extensions ['colcon_pkg']
[0.740s] Level 1:colcon.colcon_core.package_identification:_identify(src) by extension 'colcon_pkg'
[0.740s] Level 1:colcon.colcon_core.package_identification:_identify(src) by extensions ['colcon_meta']
[0.740s] Level 1:colcon.colcon_core.package_identification:_identify(src) by extension 'colcon_meta'
[0.741s] Level 1:colcon.colcon_core.package_identification:_identify(src) by extensions ['ros']
[0.741s] Level 1:colcon.colcon_core.package_identification:_identify(src) by extension 'ros'
[0.741s] Level 1:colcon.colcon_core.package_identification:_identify(src) by extensions ['cmake', 'python']
[0.741s] Level 1:colcon.colcon_core.package_identification:_identify(src) by extension 'cmake'
[0.741s] Level 1:colcon.colcon_core.package_identification:_identify(src) by extension 'python'
[0.741s] Level 1:colcon.colcon_core.package_identification:_identify(src) by extensions ['python_setup_py']
[0.741s] Level 1:colcon.colcon_core.package_identification:_identify(src) by extension 'python_setup_py'
[0.741s] Level 1:colcon.colcon_core.package_identification:_identify(src/robot_description) by extensions ['ignore', 'ignore_ament_install']
[0.741s] Level 1:colcon.colcon_core.package_identification:_identify(src/robot_description) by extension 'ignore'
[0.742s] Level 1:colcon.colcon_core.package_identification:_identify(src/robot_description) by extension 'ignore_ament_install'
[0.742s] Level 1:colcon.colcon_core.package_identification:_identify(src/robot_description) by extensions ['colcon_pkg']
[0.742s] Level 1:colcon.colcon_core.package_identification:_identify(src/robot_description) by extension 'colcon_pkg'
[0.742s] Level 1:colcon.colcon_core.package_identification:_identify(src/robot_description) by extensions ['colcon_meta']
[0.742s] Level 1:colcon.colcon_core.package_identification:_identify(src/robot_description) by extension 'colcon_meta'
[0.742s] Level 1:colcon.colcon_core.package_identification:_identify(src/robot_description) by extensions ['ros']
[0.742s] Level 1:colcon.colcon_core.package_identification:_identify(src/robot_description) by extension 'ros'
[0.751s] DEBUG:colcon.colcon_core.package_identification:Package 'src/robot_description' with type 'ros.ament_cmake' and name 'robot_description'
[0.751s] Level 1:colcon.colcon_core.package_discovery:discover_packages(recursive) using defaults
[0.752s] Level 1:colcon.colcon_core.package_discovery:discover_packages(ignore) discover
[0.752s] Level 1:colcon.colcon_core.package_discovery:discover_packages(ignore) using defaults
[0.752s] Level 1:colcon.colcon_core.package_discovery:discover_packages(path) discover
[0.752s] Level 1:colcon.colcon_core.package_discovery:discover_packages(path) using defaults
[0.810s] Level 1:colcon.colcon_core.package_discovery:discover_packages(prefix_path) check parameters
[0.810s] Level 1:colcon.colcon_core.package_discovery:discover_packages(prefix_path) discover
[0.819s] DEBUG:colcon.colcon_installed_package_information.package_discovery:Found 1 installed packages in /home/mohammadreza/Robot/HW3/install
[0.824s] DEBUG:colcon.colcon_installed_package_information.package_discovery:Found 410 installed packages in /opt/ros/jazzy
[0.826s] Level 1:colcon.colcon_core.package_discovery:discover_packages(prefix_path) using defaults
[0.944s] Level 5:colcon.colcon_core.verb:set package 'robot_description' build argument 'cmake_args' from command line to 'None'
[0.945s] Level 5:colcon.colcon_core.verb:set package 'robot_description' build argument 'cmake_target' from command line to 'None'
[0.945s] Level 5:colcon.colcon_core.verb:set package 'robot_description' build argument 'cmake_target_skip_unavailable' from command line to 'False'
[0.945s] Level 5:colcon.colcon_core.verb:set package 'robot_description' build argument 'cmake_clean_cache' from command line to 'False'
[0.945s] Level 5:colcon.colcon_core.verb:set package 'robot_description' build argument 'cmake_clean_first' from command line to 'False'
[0.945s] Level 5:colcon.colcon_core.verb:set package 'robot_description' build argument 'cmake_force_configure' from command line to 'False'
[0.945s] Level 5:colcon.colcon_core.verb:set package 'robot_description' build argument 'ament_cmake_args' from command line to 'None'
[0.945s] Level 5:colcon.colcon_core.verb:set package 'robot_description' build argument 'catkin_cmake_args' from command line to 'None'
[0.945s] Level 5:colcon.colcon_core.verb:set package 'robot_description' build argument 'catkin_skip_building_tests' from command line to 'False'
[0.945s] DEBUG:colcon.colcon_core.verb:Building package 'robot_description' with the following arguments: {'ament_cmake_args': None, 'build_base': '/home/mohammadreza/Robot/HW3/build/robot_description', 'catkin_cmake_args': None, 'catkin_skip_building_tests': False, 'cmake_args': None, 'cmake_clean_cache': False, 'cmake_clean_first': False, 'cmake_force_configure': False, 'cmake_target': None, 'cmake_target_skip_unavailable': False, 'install_base': '/home/mohammadreza/Robot/HW3/install/robot_description', 'merge_install': False, 'path': '/home/mohammadreza/Robot/HW3/src/robot_description', 'symlink_install': False, 'test_result_base': None}
[0.945s] INFO:colcon.colcon_core.executor:Executing jobs using 'parallel' executor
[0.947s] DEBUG:colcon.colcon_parallel_executor.executor.parallel:run_until_complete
[0.948s] INFO:colcon.colcon_ros.task.ament_cmake.build:Building ROS package in '/home/mohammadreza/Robot/HW3/src/robot_description' with build type 'ament_cmake'
[0.948s] INFO:colcon.colcon_cmake.task.cmake.build:Building CMake package in '/home/mohammadreza/Robot/HW3/src/robot_description'
[0.965s] INFO:colcon.colcon_core.plugin_system:Skipping extension 'colcon_core.shell.bat': Not used on non-Windows systems
[0.966s] INFO:colcon.colcon_core.shell:Skip shell extension 'powershell' for command environment: Not usable outside of PowerShell
[0.966s] DEBUG:colcon.colcon_core.shell:Skip shell extension 'dsv' for command environment
[0.987s] DEBUG:colcon.colcon_core.event_handler.log_command:Invoking command in '/home/mohammadreza/Robot/HW3/build/robot_description': CMAKE_PREFIX_PATH=${CMAKE_PREFIX_PATH}:/opt/ros/jazzy /usr/bin/cmake --build /home/mohammadreza/Robot/HW3/build/robot_description -- -j20 -l20
[1.184s] DEBUG:colcon.colcon_core.event_handler.log_command:Invoked command in '/home/mohammadreza/Robot/HW3/build/robot_description' returned '0': CMAKE_PREFIX_PATH=${CMAKE_PREFIX_PATH}:/opt/ros/jazzy /usr/bin/cmake --build /home/mohammadreza/Robot/HW3/build/robot_description -- -j20 -l20
[1.214s] DEBUG:colcon.colcon_core.event_handler.log_command:Invoking command in '/home/mohammadreza/Robot/HW3/build/robot_description': CMAKE_PREFIX_PATH=${CMAKE_PREFIX_PATH}:/opt/ros/jazzy /usr/bin/cmake --install /home/mohammadreza/Robot/HW3/build/robot_description
[1.249s] Level 1:colcon.colcon_core.environment:create_environment_scripts_only(robot_description)
[1.255s] DEBUG:colcon.colcon_core.event_handler.log_command:Invoked command in '/home/mohammadreza/Robot/HW3/build/robot_description' returned '0': CMAKE_PREFIX_PATH=${CMAKE_PREFIX_PATH}:/opt/ros/jazzy /usr/bin/cmake --install /home/mohammadreza/Robot/HW3/build/robot_description
[1.266s] Level 1:colcon.colcon_core.environment:checking '/home/mohammadreza/Robot/HW3/install/robot_description' for CMake module files
[1.269s] Level 1:colcon.colcon_core.environment:checking '/home/mohammadreza/Robot/HW3/install/robot_description' for CMake config files
[1.270s] Level 1:colcon.colcon_core.shell:create_environment_hook('robot_description', 'cmake_prefix_path')
[1.271s] INFO:colcon.colcon_core.shell:Creating environment hook '/home/mohammadreza/Robot/HW3/install/robot_description/share/robot_description/hook/cmake_prefix_path.ps1'
[1.273s] INFO:colcon.colcon_core.shell:Creating environment descriptor '/home/mohammadreza/Robot/HW3/install/robot_description/share/robot_description/hook/cmake_prefix_path.dsv'
[1.274s] INFO:colcon.colcon_core.shell:Creating environment hook '/home/mohammadreza/Robot/HW3/install/robot_description/share/robot_description/hook/cmake_prefix_path.sh'
[1.276s] Level 1:colcon.colcon_core.environment:checking '/home/mohammadreza/Robot/HW3/install/robot_description/lib'
[1.277s] Level 1:colcon.colcon_core.environment:checking '/home/mohammadreza/Robot/HW3/install/robot_description/bin'
[1.277s] Level 1:colcon.colcon_core.environment:checking '/home/mohammadreza/Robot/HW3/install/robot_description/lib/pkgconfig/robot_description.pc'
[1.277s] Level 1:colcon.colcon_core.environment:checking '/home/mohammadreza/Robot/HW3/install/robot_description/lib/python3.12/site-packages'
[1.279s] Level 1:colcon.colcon_core.environment:checking '/home/mohammadreza/Robot/HW3/install/robot_description/bin'
[1.279s] INFO:colcon.colcon_core.shell:Creating package script '/home/mohammadreza/Robot/HW3/install/robot_description/share/robot_description/package.ps1'
[1.281s] INFO:colcon.colcon_core.shell:Creating package descriptor '/home/mohammadreza/Robot/HW3/install/robot_description/share/robot_description/package.dsv'
[1.283s] INFO:colcon.colcon_core.shell:Creating package script '/home/mohammadreza/Robot/HW3/install/robot_description/share/robot_description/package.sh'
[1.285s] INFO:colcon.colcon_core.shell:Creating package script '/home/mohammadreza/Robot/HW3/install/robot_description/share/robot_description/package.bash'
[1.287s] INFO:colcon.colcon_core.shell:Creating package script '/home/mohammadreza/Robot/HW3/install/robot_description/share/robot_description/package.zsh'
[1.288s] Level 1:colcon.colcon_core.environment:create_file_with_runtime_dependencies(/home/mohammadreza/Robot/HW3/install/robot_description/share/colcon-core/packages/robot_description)
[1.290s] Level 1:colcon.colcon_core.environment:create_environment_scripts_only(robot_description)
[1.291s] Level 1:colcon.colcon_core.environment:checking '/home/mohammadreza/Robot/HW3/install/robot_description' for CMake module files
[1.292s] Level 1:colcon.colcon_core.environment:checking '/home/mohammadreza/Robot/HW3/install/robot_description' for CMake config files
[1.293s] Level 1:colcon.colcon_core.shell:create_environment_hook('robot_description', 'cmake_prefix_path')
[1.294s] INFO:colcon.colcon_core.shell:Creating environment hook '/home/mohammadreza/Robot/HW3/install/robot_description/share/robot_description/hook/cmake_prefix_path.ps1'
[1.295s] INFO:colcon.colcon_core.shell:Creating environment descriptor '/home/mohammadreza/Robot/HW3/install/robot_description/share/robot_description/hook/cmake_prefix_path.dsv'
[1.296s] INFO:colcon.colcon_core.shell:Creating environment hook '/home/mohammadreza/Robot/HW3/install/robot_description/share/robot_description/hook/cmake_prefix_path.sh'
[1.298s] Level 1:colcon.colcon_core.environment:checking '/home/mohammadreza/Robot/HW3/install/robot_description/lib'
[1.298s] Level 1:colcon.colcon_core.environment:checking '/home/mohammadreza/Robot/HW3/install/robot_description/bin'
[1.298s] Level 1:colcon.colcon_core.environment:checking '/home/mohammadreza/Robot/HW3/install/robot_description/lib/pkgconfig/robot_description.pc'
[1.299s] Level 1:colcon.colcon_core.environment:checking '/home/mohammadreza/Robot/HW3/install/robot_description/lib/python3.12/site-packages'
[1.300s] Level 1:colcon.colcon_core.environment:checking '/home/mohammadreza/Robot/HW3/install/robot_description/bin'
[1.301s] INFO:colcon.colcon_core.shell:Creating package script '/home/mohammadreza/Robot/HW3/install/robot_description/share/robot_description/package.ps1'
[1.303s] INFO:colcon.colcon_core.shell:Creating package descriptor '/home/mohammadreza/Robot/HW3/install/robot_description/share/robot_description/package.dsv'
[1.304s] INFO:colcon.colcon_core.shell:Creating package script '/home/mohammadreza/Robot/HW3/install/robot_description/share/robot_description/package.sh'
[1.305s] INFO:colcon.colcon_core.shell:Creating package script '/home/mohammadreza/Robot/HW3/install/robot_description/share/robot_description/package.bash'
[1.307s] INFO:colcon.colcon_core.shell:Creating package script '/home/mohammadreza/Robot/HW3/install/robot_description/share/robot_description/package.zsh'
[1.308s] Level 1:colcon.colcon_core.environment:create_file_with_runtime_dependencies(/home/mohammadreza/Robot/HW3/install/robot_description/share/colcon-core/packages/robot_description)
[1.309s] DEBUG:colcon.colcon_parallel_executor.executor.parallel:closing loop
[1.310s] DEBUG:colcon.colcon_parallel_executor.executor.parallel:loop closed
[1.311s] DEBUG:colcon.colcon_parallel_executor.executor.parallel:run_until_complete finished with '0'
[1.311s] DEBUG:colcon.colcon_core.event_reactor:joining thread
[1.336s] INFO:colcon.colcon_core.plugin_system:Skipping extension 'colcon_notification.desktop_notification.terminal_notifier': Not used on non-Darwin systems
[1.336s] INFO:colcon.colcon_core.plugin_system:Skipping extension 'colcon_notification.desktop_notification.win32': Not used on non-Windows systems
[1.336s] INFO:colcon.colcon_notification.desktop_notification:Sending desktop notification using 'notify2'
[1.377s] DEBUG:colcon.colcon_core.event_reactor:joined thread
[1.377s] INFO:colcon.colcon_core.shell:Creating prefix script '/home/mohammadreza/Robot/HW3/install/local_setup.ps1'
[1.380s] INFO:colcon.colcon_core.shell:Creating prefix util module '/home/mohammadreza/Robot/HW3/install/_local_setup_util_ps1.py'
[1.383s] INFO:colcon.colcon_core.shell:Creating prefix chain script '/home/mohammadreza/Robot/HW3/install/setup.ps1'
[1.385s] INFO:colcon.colcon_core.shell:Creating prefix script '/home/mohammadreza/Robot/HW3/install/local_setup.sh'
[1.387s] INFO:colcon.colcon_core.shell:Creating prefix util module '/home/mohammadreza/Robot/HW3/install/_local_setup_util_sh.py'
[1.388s] INFO:colcon.colcon_core.shell:Creating prefix chain script '/home/mohammadreza/Robot/HW3/install/setup.sh'
[1.390s] INFO:colcon.colcon_core.shell:Creating prefix script '/home/mohammadreza/Robot/HW3/install/local_setup.bash'
[1.391s] INFO:colcon.colcon_core.shell:Creating prefix chain script '/home/mohammadreza/Robot/HW3/install/setup.bash'
[1.393s] INFO:colcon.colcon_core.shell:Creating prefix script '/home/mohammadreza/Robot/HW3/install/local_setup.zsh'
[1.394s] INFO:colcon.colcon_core.shell:Creating prefix chain script '/home/mohammadreza/Robot/HW3/install/setup.zsh'
