[0.268s] DEBUG:colcon:Command line arguments: ['/usr/bin/colcon', 'build']
[0.268s] DEBUG:colcon:Parsed command line arguments: Namespace(log_base=None, log_level=None, verb_name='build', build_base='build', install_base='install', merge_install=False, symlink_install=False, test_result_base=None, continue_on_error=False, executor='parallel', parallel_workers=20, event_handlers=None, ignore_user_meta=False, metas=['./colcon.meta'], base_paths=['.'], packages_ignore=None, packages_ignore_regex=None, paths=None, packages_up_to=None, packages_up_to_regex=None, packages_above=None, packages_above_and_dependencies=None, packages_above_depth=None, packages_select_by_dep=None, packages_skip_by_dep=None, packages_skip_up_to=None, packages_select_build_failed=False, packages_skip_build_finished=False, packages_select_test_failures=False, packages_skip_test_passed=False, packages_select=None, packages_skip=None, packages_select_regex=None, packages_skip_regex=None, packages_start=None, packages_end=None, allow_overriding=[], cmake_args=None, cmake_target=None, cmake_target_skip_unavailable=False, cmake_clean_cache=False, cmake_clean_first=False, cmake_force_configure=False, ament_cmake_args=None, catkin_cmake_args=None, catkin_skip_building_tests=False, mixin_files=None, mixin=None, verb_parser=<colcon_mixin.mixin.mixin_argument.MixinArgumentDecorator object at 0x77e6d42fc4d0>, verb_extension=<colcon_core.verb.build.BuildVerb object at 0x77e6d4236660>, main=<bound method BuildVerb.main of <colcon_core.verb.build.BuildVerb object at 0x77e6d4236660>>, mixin_verb=('build',))
[0.324s] Level 1:colcon.colcon_core.package_discovery:discover_packages(colcon_meta) check parameters
[0.324s] Level 1:colcon.colcon_core.package_discovery:discover_packages(recursive) check parameters
[0.325s] Level 1:colcon.colcon_core.package_discovery:discover_packages(ignore) check parameters
[0.325s] Level 1:colcon.colcon_core.package_discovery:discover_packages(path) check parameters
[0.325s] Level 1:colcon.colcon_core.package_discovery:discover_packages(colcon_meta) discover
[0.325s] Level 1:colcon.colcon_core.package_discovery:discover_packages(recursive) discover
[0.325s] INFO:colcon.colcon_core.package_discovery:Crawling recursively for packages in '/home/mohammadreza/Robotic_HW_1_3/Robotic'
[0.325s] Level 1:colcon.colcon_core.package_identification:_identify(.) by extensions ['ignore', 'ignore_ament_install']
[0.325s] Level 1:colcon.colcon_core.package_identification:_identify(.) by extension 'ignore'
[0.325s] Level 1:colcon.colcon_core.package_identification:_identify(.) by extension 'ignore_ament_install'
[0.325s] Level 1:colcon.colcon_core.package_identification:_identify(.) by extensions ['colcon_pkg']
[0.325s] Level 1:colcon.colcon_core.package_identification:_identify(.) by extension 'colcon_pkg'
[0.325s] Level 1:colcon.colcon_core.package_identification:_identify(.) by extensions ['colcon_meta']
[0.325s] Level 1:colcon.colcon_core.package_identification:_identify(.) by extension 'colcon_meta'
[0.325s] Level 1:colcon.colcon_core.package_identification:_identify(.) by extensions ['ros']
[0.325s] Level 1:colcon.colcon_core.package_identification:_identify(.) by extension 'ros'
[0.369s] Level 1:colcon.colcon_core.package_identification:_identify(.) by extensions ['cmake', 'python']
[0.369s] Level 1:colcon.colcon_core.package_identification:_identify(.) by extension 'cmake'
[0.370s] Level 1:colcon.colcon_core.package_identification:_identify(.) by extension 'python'
[0.370s] Level 1:colcon.colcon_core.package_identification:_identify(.) by extensions ['python_setup_py']
[0.370s] Level 1:colcon.colcon_core.package_identification:_identify(.) by extension 'python_setup_py'
[0.370s] Level 1:colcon.colcon_core.package_identification:_identify(build) by extensions ['ignore', 'ignore_ament_install']
[0.370s] Level 1:colcon.colcon_core.package_identification:_identify(build) by extension 'ignore'
[0.370s] Level 1:colcon.colcon_core.package_identification:_identify(build) ignored
[0.370s] Level 1:colcon.colcon_core.package_identification:_identify(install) by extensions ['ignore', 'ignore_ament_install']
[0.370s] Level 1:colcon.colcon_core.package_identification:_identify(install) by extension 'ignore'
[0.370s] Level 1:colcon.colcon_core.package_identification:_identify(install) ignored
[0.370s] Level 1:colcon.colcon_core.package_identification:_identify(log) by extensions ['ignore', 'ignore_ament_install']
[0.371s] Level 1:colcon.colcon_core.package_identification:_identify(log) by extension 'ignore'
[0.371s] Level 1:colcon.colcon_core.package_identification:_identify(log) ignored
[0.371s] Level 1:colcon.colcon_core.package_identification:_identify(src) by extensions ['ignore', 'ignore_ament_install']
[0.371s] Level 1:colcon.colcon_core.package_identification:_identify(src) by extension 'ignore'
[0.371s] Level 1:colcon.colcon_core.package_identification:_identify(src) by extension 'ignore_ament_install'
[0.371s] Level 1:colcon.colcon_core.package_identification:_identify(src) by extensions ['colcon_pkg']
[0.371s] Level 1:colcon.colcon_core.package_identification:_identify(src) by extension 'colcon_pkg'
[0.371s] Level 1:colcon.colcon_core.package_identification:_identify(src) by extensions ['colcon_meta']
[0.371s] Level 1:colcon.colcon_core.package_identification:_identify(src) by extension 'colcon_meta'
[0.371s] Level 1:colcon.colcon_core.package_identification:_identify(src) by extensions ['ros']
[0.371s] Level 1:colcon.colcon_core.package_identification:_identify(src) by extension 'ros'
[0.371s] Level 1:colcon.colcon_core.package_identification:_identify(src) by extensions ['cmake', 'python']
[0.371s] Level 1:colcon.colcon_core.package_identification:_identify(src) by extension 'cmake'
[0.371s] Level 1:colcon.colcon_core.package_identification:_identify(src) by extension 'python'
[0.371s] Level 1:colcon.colcon_core.package_identification:_identify(src) by extensions ['python_setup_py']
[0.372s] Level 1:colcon.colcon_core.package_identification:_identify(src) by extension 'python_setup_py'
[0.372s] Level 1:colcon.colcon_core.package_identification:_identify(src/robot_description) by extensions ['ignore', 'ignore_ament_install']
[0.372s] Level 1:colcon.colcon_core.package_identification:_identify(src/robot_description) by extension 'ignore'
[0.372s] Level 1:colcon.colcon_core.package_identification:_identify(src/robot_description) by extension 'ignore_ament_install'
[0.372s] Level 1:colcon.colcon_core.package_identification:_identify(src/robot_description) by extensions ['colcon_pkg']
[0.372s] Level 1:colcon.colcon_core.package_identification:_identify(src/robot_description) by extension 'colcon_pkg'
[0.372s] Level 1:colcon.colcon_core.package_identification:_identify(src/robot_description) by extensions ['colcon_meta']
[0.372s] Level 1:colcon.colcon_core.package_identification:_identify(src/robot_description) by extension 'colcon_meta'
[0.372s] Level 1:colcon.colcon_core.package_identification:_identify(src/robot_description) by extensions ['ros']
[0.372s] Level 1:colcon.colcon_core.package_identification:_identify(src/robot_description) by extension 'ros'
[0.379s] DEBUG:colcon.colcon_core.package_identification:Package 'src/robot_description' with type 'ros.ament_cmake' and name 'robot_description'
[0.379s] Level 1:colcon.colcon_core.package_identification:_identify(src/robot_estimation) by extensions ['ignore', 'ignore_ament_install']
[0.380s] Level 1:colcon.colcon_core.package_identification:_identify(src/robot_estimation) by extension 'ignore'
[0.380s] Level 1:colcon.colcon_core.package_identification:_identify(src/robot_estimation) by extension 'ignore_ament_install'
[0.380s] Level 1:colcon.colcon_core.package_identification:_identify(src/robot_estimation) by extensions ['colcon_pkg']
[0.380s] Level 1:colcon.colcon_core.package_identification:_identify(src/robot_estimation) by extension 'colcon_pkg'
[0.380s] Level 1:colcon.colcon_core.package_identification:_identify(src/robot_estimation) by extensions ['colcon_meta']
[0.380s] Level 1:colcon.colcon_core.package_identification:_identify(src/robot_estimation) by extension 'colcon_meta'
[0.380s] Level 1:colcon.colcon_core.package_identification:_identify(src/robot_estimation) by extensions ['ros']
[0.380s] Level 1:colcon.colcon_core.package_identification:_identify(src/robot_estimation) by extension 'ros'
[0.381s] DEBUG:colcon.colcon_core.package_identification:Package 'src/robot_estimation' with type 'ros.ament_python' and name 'robot_estimation'
[0.381s] Level 1:colcon.colcon_core.package_discovery:discover_packages(recursive) using defaults
[0.381s] Level 1:colcon.colcon_core.package_discovery:discover_packages(ignore) discover
[0.381s] Level 1:colcon.colcon_core.package_discovery:discover_packages(ignore) using defaults
[0.381s] Level 1:colcon.colcon_core.package_discovery:discover_packages(path) discover
[0.381s] Level 1:colcon.colcon_core.package_discovery:discover_packages(path) using defaults
[0.417s] Level 1:colcon.colcon_core.package_discovery:discover_packages(prefix_path) check parameters
[0.417s] Level 1:colcon.colcon_core.package_discovery:discover_packages(prefix_path) discover
[0.420s] WARNING:colcon.colcon_ros.prefix_path.ament:The path '/home/mohammadreza/Robotic_HW_1_3/Robotic/install/robot_estimation' in the environment variable AMENT_PREFIX_PATH doesn't exist
[0.420s] WARNING:colcon.colcon_ros.prefix_path.ament:The path '/home/mohammadreza/Robotic_HW_1_3/Robotic/install/robot_description' in the environment variable AMENT_PREFIX_PATH doesn't exist
[0.420s] WARNING:colcon.colcon_ros.prefix_path.catkin:The path '/home/mohammadreza/Robotic_HW_1_3/Robotic/install/robot_description' in the environment variable CMAKE_PREFIX_PATH doesn't exist
[0.424s] DEBUG:colcon.colcon_installed_package_information.package_discovery:Found 0 installed packages in /home/mohammadreza/Robotic_HW_1_3/Robotic/install
[0.425s] DEBUG:colcon.colcon_installed_package_information.package_discovery:Found 313 installed packages in /opt/ros/jazzy
[0.426s] Level 1:colcon.colcon_core.package_discovery:discover_packages(prefix_path) using defaults
[0.485s] Level 5:colcon.colcon_core.verb:set package 'robot_description' build argument 'cmake_args' from command line to 'None'
[0.485s] Level 5:colcon.colcon_core.verb:set package 'robot_description' build argument 'cmake_target' from command line to 'None'
[0.485s] Level 5:colcon.colcon_core.verb:set package 'robot_description' build argument 'cmake_target_skip_unavailable' from command line to 'False'
[0.485s] Level 5:colcon.colcon_core.verb:set package 'robot_description' build argument 'cmake_clean_cache' from command line to 'False'
[0.485s] Level 5:colcon.colcon_core.verb:set package 'robot_description' build argument 'cmake_clean_first' from command line to 'False'
[0.485s] Level 5:colcon.colcon_core.verb:set package 'robot_description' build argument 'cmake_force_configure' from command line to 'False'
[0.485s] Level 5:colcon.colcon_core.verb:set package 'robot_description' build argument 'ament_cmake_args' from command line to 'None'
[0.485s] Level 5:colcon.colcon_core.verb:set package 'robot_description' build argument 'catkin_cmake_args' from command line to 'None'
[0.485s] Level 5:colcon.colcon_core.verb:set package 'robot_description' build argument 'catkin_skip_building_tests' from command line to 'False'
[0.486s] DEBUG:colcon.colcon_core.verb:Building package 'robot_description' with the following arguments: {'ament_cmake_args': None, 'build_base': '/home/mohammadreza/Robotic_HW_1_3/Robotic/build/robot_description', 'catkin_cmake_args': None, 'catkin_skip_building_tests': False, 'cmake_args': None, 'cmake_clean_cache': False, 'cmake_clean_first': False, 'cmake_force_configure': False, 'cmake_target': None, 'cmake_target_skip_unavailable': False, 'install_base': '/home/mohammadreza/Robotic_HW_1_3/Robotic/install/robot_description', 'merge_install': False, 'path': '/home/mohammadreza/Robotic_HW_1_3/Robotic/src/robot_description', 'symlink_install': False, 'test_result_base': None}
[0.486s] Level 5:colcon.colcon_core.verb:set package 'robot_estimation' build argument 'cmake_args' from command line to 'None'
[0.486s] Level 5:colcon.colcon_core.verb:set package 'robot_estimation' build argument 'cmake_target' from command line to 'None'
[0.486s] Level 5:colcon.colcon_core.verb:set package 'robot_estimation' build argument 'cmake_target_skip_unavailable' from command line to 'False'
[0.486s] Level 5:colcon.colcon_core.verb:set package 'robot_estimation' build argument 'cmake_clean_cache' from command line to 'False'
[0.486s] Level 5:colcon.colcon_core.verb:set package 'robot_estimation' build argument 'cmake_clean_first' from command line to 'False'
[0.486s] Level 5:colcon.colcon_core.verb:set package 'robot_estimation' build argument 'cmake_force_configure' from command line to 'False'
[0.486s] Level 5:colcon.colcon_core.verb:set package 'robot_estimation' build argument 'ament_cmake_args' from command line to 'None'
[0.486s] Level 5:colcon.colcon_core.verb:set package 'robot_estimation' build argument 'catkin_cmake_args' from command line to 'None'
[0.486s] Level 5:colcon.colcon_core.verb:set package 'robot_estimation' build argument 'catkin_skip_building_tests' from command line to 'False'
[0.486s] DEBUG:colcon.colcon_core.verb:Building package 'robot_estimation' with the following arguments: {'ament_cmake_args': None, 'build_base': '/home/mohammadreza/Robotic_HW_1_3/Robotic/build/robot_estimation', 'catkin_cmake_args': None, 'catkin_skip_building_tests': False, 'cmake_args': None, 'cmake_clean_cache': False, 'cmake_clean_first': False, 'cmake_force_configure': False, 'cmake_target': None, 'cmake_target_skip_unavailable': False, 'install_base': '/home/mohammadreza/Robotic_HW_1_3/Robotic/install/robot_estimation', 'merge_install': False, 'path': '/home/mohammadreza/Robotic_HW_1_3/Robotic/src/robot_estimation', 'symlink_install': False, 'test_result_base': None}
[0.486s] INFO:colcon.colcon_core.executor:Executing jobs using 'parallel' executor
[0.487s] DEBUG:colcon.colcon_parallel_executor.executor.parallel:run_until_complete
[0.488s] INFO:colcon.colcon_ros.task.ament_cmake.build:Building ROS package in '/home/mohammadreza/Robotic_HW_1_3/Robotic/src/robot_description' with build type 'ament_cmake'
[0.488s] INFO:colcon.colcon_cmake.task.cmake.build:Building CMake package in '/home/mohammadreza/Robotic_HW_1_3/Robotic/src/robot_description'
[0.495s] INFO:colcon.colcon_core.plugin_system:Skipping extension 'colcon_core.shell.bat': Not used on non-Windows systems
[0.495s] INFO:colcon.colcon_core.shell:Skip shell extension 'powershell' for command environment: Not usable outside of PowerShell
[0.495s] DEBUG:colcon.colcon_core.shell:Skip shell extension 'dsv' for command environment
[0.499s] INFO:colcon.colcon_ros.task.ament_python.build:Building ROS package in '/home/mohammadreza/Robotic_HW_1_3/Robotic/src/robot_estimation' with build type 'ament_python'
[0.499s] Level 1:colcon.colcon_core.shell:create_environment_hook('robot_estimation', 'ament_prefix_path')
[0.499s] INFO:colcon.colcon_core.shell:Creating environment hook '/home/mohammadreza/Robotic_HW_1_3/Robotic/install/robot_estimation/share/robot_estimation/hook/ament_prefix_path.ps1'
[0.500s] INFO:colcon.colcon_core.shell:Creating environment descriptor '/home/mohammadreza/Robotic_HW_1_3/Robotic/install/robot_estimation/share/robot_estimation/hook/ament_prefix_path.dsv'
[0.501s] INFO:colcon.colcon_core.shell:Creating environment hook '/home/mohammadreza/Robotic_HW_1_3/Robotic/install/robot_estimation/share/robot_estimation/hook/ament_prefix_path.sh'
[0.501s] INFO:colcon.colcon_core.shell:Skip shell extension 'powershell' for command environment: Not usable outside of PowerShell
[0.501s] DEBUG:colcon.colcon_core.shell:Skip shell extension 'dsv' for command environment
[0.510s] DEBUG:colcon.colcon_core.event_handler.log_command:Invoking command in '/home/mohammadreza/Robotic_HW_1_3/Robotic/build/robot_description': CMAKE_PREFIX_PATH=${CMAKE_PREFIX_PATH}:/home/mohammadreza/Robotic_HW_1_3/Robotic/install/robot_estimation:/opt/ros/jazzy /usr/bin/cmake /home/mohammadreza/Robotic_HW_1_3/Robotic/src/robot_description -DCMAKE_INSTALL_PREFIX=/home/mohammadreza/Robotic_HW_1_3/Robotic/install/robot_description
[0.772s] INFO:colcon.colcon_core.task.python.build:Building Python package in '/home/mohammadreza/Robotic_HW_1_3/Robotic/src/robot_estimation'
[0.772s] INFO:colcon.colcon_core.shell:Skip shell extension 'powershell' for command environment: Not usable outside of PowerShell
[0.772s] DEBUG:colcon.colcon_core.shell:Skip shell extension 'dsv' for command environment
[1.633s] DEBUG:colcon.colcon_core.event_handler.log_command:Invoking command in '/home/mohammadreza/Robotic_HW_1_3/Robotic/src/robot_estimation': PYTHONPATH=/home/mohammadreza/Robotic_HW_1_3/Robotic/build/robot_estimation/prefix_override:/usr/lib/python3/dist-packages/colcon_core/task/python/colcon_distutils_commands:/home/mohammadreza/Robotic_HW_1_3/Robotic/install/robot_estimation/lib/python3.12/site-packages:${PYTHONPATH} /usr/bin/python3 -W ignore:setup.py install is deprecated -W ignore:easy_install command is deprecated setup.py egg_info --egg-base ../../build/robot_estimation build --build-base /home/mohammadreza/Robotic_HW_1_3/Robotic/build/robot_estimation/build install --record /home/mohammadreza/Robotic_HW_1_3/Robotic/build/robot_estimation/install.log --single-version-externally-managed install_data
[2.304s] DEBUG:colcon.colcon_core.event_handler.log_command:Invoked command in '/home/mohammadreza/Robotic_HW_1_3/Robotic/src/robot_estimation' returned '0': PYTHONPATH=/home/mohammadreza/Robotic_HW_1_3/Robotic/build/robot_estimation/prefix_override:/usr/lib/python3/dist-packages/colcon_core/task/python/colcon_distutils_commands:/home/mohammadreza/Robotic_HW_1_3/Robotic/install/robot_estimation/lib/python3.12/site-packages:${PYTHONPATH} /usr/bin/python3 -W ignore:setup.py install is deprecated -W ignore:easy_install command is deprecated setup.py egg_info --egg-base ../../build/robot_estimation build --build-base /home/mohammadreza/Robotic_HW_1_3/Robotic/build/robot_estimation/build install --record /home/mohammadreza/Robotic_HW_1_3/Robotic/build/robot_estimation/install.log --single-version-externally-managed install_data
[2.310s] Level 1:colcon.colcon_core.environment:checking '/home/mohammadreza/Robotic_HW_1_3/Robotic/install/robot_estimation' for CMake module files
[2.311s] Level 1:colcon.colcon_core.environment:checking '/home/mohammadreza/Robotic_HW_1_3/Robotic/install/robot_estimation' for CMake config files
[2.312s] Level 1:colcon.colcon_core.environment:checking '/home/mohammadreza/Robotic_HW_1_3/Robotic/install/robot_estimation/lib'
[2.312s] Level 1:colcon.colcon_core.environment:checking '/home/mohammadreza/Robotic_HW_1_3/Robotic/install/robot_estimation/bin'
[2.312s] Level 1:colcon.colcon_core.environment:checking '/home/mohammadreza/Robotic_HW_1_3/Robotic/install/robot_estimation/lib/pkgconfig/robot_estimation.pc'
[2.313s] Level 1:colcon.colcon_core.environment:checking '/home/mohammadreza/Robotic_HW_1_3/Robotic/install/robot_estimation/lib/python3.12/site-packages'
[2.313s] Level 1:colcon.colcon_core.shell:create_environment_hook('robot_estimation', 'pythonpath')
[2.313s] INFO:colcon.colcon_core.shell:Creating environment hook '/home/mohammadreza/Robotic_HW_1_3/Robotic/install/robot_estimation/share/robot_estimation/hook/pythonpath.ps1'
[2.314s] INFO:colcon.colcon_core.shell:Creating environment descriptor '/home/mohammadreza/Robotic_HW_1_3/Robotic/install/robot_estimation/share/robot_estimation/hook/pythonpath.dsv'
[2.314s] INFO:colcon.colcon_core.shell:Creating environment hook '/home/mohammadreza/Robotic_HW_1_3/Robotic/install/robot_estimation/share/robot_estimation/hook/pythonpath.sh'
[2.315s] Level 1:colcon.colcon_core.environment:checking '/home/mohammadreza/Robotic_HW_1_3/Robotic/install/robot_estimation/bin'
[2.315s] Level 1:colcon.colcon_core.environment:create_environment_scripts_only(robot_estimation)
[2.315s] INFO:colcon.colcon_core.shell:Creating package script '/home/mohammadreza/Robotic_HW_1_3/Robotic/install/robot_estimation/share/robot_estimation/package.ps1'
[2.316s] INFO:colcon.colcon_core.shell:Creating package descriptor '/home/mohammadreza/Robotic_HW_1_3/Robotic/install/robot_estimation/share/robot_estimation/package.dsv'
[2.316s] INFO:colcon.colcon_core.shell:Creating package script '/home/mohammadreza/Robotic_HW_1_3/Robotic/install/robot_estimation/share/robot_estimation/package.sh'
[2.317s] INFO:colcon.colcon_core.shell:Creating package script '/home/mohammadreza/Robotic_HW_1_3/Robotic/install/robot_estimation/share/robot_estimation/package.bash'
[2.318s] INFO:colcon.colcon_core.shell:Creating package script '/home/mohammadreza/Robotic_HW_1_3/Robotic/install/robot_estimation/share/robot_estimation/package.zsh'
[2.318s] Level 1:colcon.colcon_core.environment:create_file_with_runtime_dependencies(/home/mohammadreza/Robotic_HW_1_3/Robotic/install/robot_estimation/share/colcon-core/packages/robot_estimation)
[3.000s] DEBUG:colcon.colcon_core.event_handler.log_command:Invoked command in '/home/mohammadreza/Robotic_HW_1_3/Robotic/build/robot_description' returned '0': CMAKE_PREFIX_PATH=${CMAKE_PREFIX_PATH}:/home/mohammadreza/Robotic_HW_1_3/Robotic/install/robot_estimation:/opt/ros/jazzy /usr/bin/cmake /home/mohammadreza/Robotic_HW_1_3/Robotic/src/robot_description -DCMAKE_INSTALL_PREFIX=/home/mohammadreza/Robotic_HW_1_3/Robotic/install/robot_description
[3.002s] DEBUG:colcon.colcon_core.event_handler.log_command:Invoking command in '/home/mohammadreza/Robotic_HW_1_3/Robotic/build/robot_description': CMAKE_PREFIX_PATH=${CMAKE_PREFIX_PATH}:/home/mohammadreza/Robotic_HW_1_3/Robotic/install/robot_estimation:/opt/ros/jazzy /usr/bin/cmake --build /home/mohammadreza/Robotic_HW_1_3/Robotic/build/robot_description -- -j20 -l20
[19.313s] DEBUG:colcon.colcon_core.event_handler.log_command:Invoked command in '/home/mohammadreza/Robotic_HW_1_3/Robotic/build/robot_description' returned '0': CMAKE_PREFIX_PATH=${CMAKE_PREFIX_PATH}:/home/mohammadreza/Robotic_HW_1_3/Robotic/install/robot_estimation:/opt/ros/jazzy /usr/bin/cmake --build /home/mohammadreza/Robotic_HW_1_3/Robotic/build/robot_description -- -j20 -l20
[19.330s] DEBUG:colcon.colcon_core.event_handler.log_command:Invoking command in '/home/mohammadreza/Robotic_HW_1_3/Robotic/build/robot_description': CMAKE_PREFIX_PATH=${CMAKE_PREFIX_PATH}:/home/mohammadreza/Robotic_HW_1_3/Robotic/install/robot_estimation:/opt/ros/jazzy /usr/bin/cmake --install /home/mohammadreza/Robotic_HW_1_3/Robotic/build/robot_description
[19.424s] Level 1:colcon.colcon_core.environment:create_environment_scripts_only(robot_description)
[19.425s] DEBUG:colcon.colcon_core.event_handler.log_command:Invoked command in '/home/mohammadreza/Robotic_HW_1_3/Robotic/build/robot_description' returned '0': CMAKE_PREFIX_PATH=${CMAKE_PREFIX_PATH}:/home/mohammadreza/Robotic_HW_1_3/Robotic/install/robot_estimation:/opt/ros/jazzy /usr/bin/cmake --install /home/mohammadreza/Robotic_HW_1_3/Robotic/build/robot_description
[19.425s] Level 1:colcon.colcon_core.environment:checking '/home/mohammadreza/Robotic_HW_1_3/Robotic/install/robot_description' for CMake module files
[19.425s] Level 1:colcon.colcon_core.environment:checking '/home/mohammadreza/Robotic_HW_1_3/Robotic/install/robot_description' for CMake config files
[19.426s] Level 1:colcon.colcon_core.shell:create_environment_hook('robot_description', 'cmake_prefix_path')
[19.426s] INFO:colcon.colcon_core.shell:Creating environment hook '/home/mohammadreza/Robotic_HW_1_3/Robotic/install/robot_description/share/robot_description/hook/cmake_prefix_path.ps1'
[19.426s] INFO:colcon.colcon_core.shell:Creating environment descriptor '/home/mohammadreza/Robotic_HW_1_3/Robotic/install/robot_description/share/robot_description/hook/cmake_prefix_path.dsv'
[19.427s] INFO:colcon.colcon_core.shell:Creating environment hook '/home/mohammadreza/Robotic_HW_1_3/Robotic/install/robot_description/share/robot_description/hook/cmake_prefix_path.sh'
[19.427s] Level 1:colcon.colcon_core.environment:checking '/home/mohammadreza/Robotic_HW_1_3/Robotic/install/robot_description/lib'
[19.427s] Level 1:colcon.colcon_core.environment:checking '/home/mohammadreza/Robotic_HW_1_3/Robotic/install/robot_description/bin'
[19.427s] Level 1:colcon.colcon_core.environment:checking '/home/mohammadreza/Robotic_HW_1_3/Robotic/install/robot_description/lib/pkgconfig/robot_description.pc'
[19.428s] Level 1:colcon.colcon_core.environment:checking '/home/mohammadreza/Robotic_HW_1_3/Robotic/install/robot_description/lib/python3.12/site-packages'
[19.428s] Level 1:colcon.colcon_core.environment:checking '/home/mohammadreza/Robotic_HW_1_3/Robotic/install/robot_description/bin'
[19.428s] INFO:colcon.colcon_core.shell:Creating package script '/home/mohammadreza/Robotic_HW_1_3/Robotic/install/robot_description/share/robot_description/package.ps1'
[19.429s] INFO:colcon.colcon_core.shell:Creating package descriptor '/home/mohammadreza/Robotic_HW_1_3/Robotic/install/robot_description/share/robot_description/package.dsv'
[19.429s] INFO:colcon.colcon_core.shell:Creating package script '/home/mohammadreza/Robotic_HW_1_3/Robotic/install/robot_description/share/robot_description/package.sh'
[19.430s] INFO:colcon.colcon_core.shell:Creating package script '/home/mohammadreza/Robotic_HW_1_3/Robotic/install/robot_description/share/robot_description/package.bash'
[19.430s] INFO:colcon.colcon_core.shell:Creating package script '/home/mohammadreza/Robotic_HW_1_3/Robotic/install/robot_description/share/robot_description/package.zsh'
[19.430s] Level 1:colcon.colcon_core.environment:create_file_with_runtime_dependencies(/home/mohammadreza/Robotic_HW_1_3/Robotic/install/robot_description/share/colcon-core/packages/robot_description)
[19.431s] Level 1:colcon.colcon_core.environment:create_environment_scripts_only(robot_description)
[19.431s] Level 1:colcon.colcon_core.environment:checking '/home/mohammadreza/Robotic_HW_1_3/Robotic/install/robot_description' for CMake module files
[19.432s] Level 1:colcon.colcon_core.environment:checking '/home/mohammadreza/Robotic_HW_1_3/Robotic/install/robot_description' for CMake config files
[19.432s] Level 1:colcon.colcon_core.shell:create_environment_hook('robot_description', 'cmake_prefix_path')
[19.433s] INFO:colcon.colcon_core.shell:Creating environment hook '/home/mohammadreza/Robotic_HW_1_3/Robotic/install/robot_description/share/robot_description/hook/cmake_prefix_path.ps1'
[19.433s] INFO:colcon.colcon_core.shell:Creating environment descriptor '/home/mohammadreza/Robotic_HW_1_3/Robotic/install/robot_description/share/robot_description/hook/cmake_prefix_path.dsv'
[19.434s] INFO:colcon.colcon_core.shell:Creating environment hook '/home/mohammadreza/Robotic_HW_1_3/Robotic/install/robot_description/share/robot_description/hook/cmake_prefix_path.sh'
[19.434s] Level 1:colcon.colcon_core.environment:checking '/home/mohammadreza/Robotic_HW_1_3/Robotic/install/robot_description/lib'
[19.435s] Level 1:colcon.colcon_core.environment:checking '/home/mohammadreza/Robotic_HW_1_3/Robotic/install/robot_description/bin'
[19.435s] Level 1:colcon.colcon_core.environment:checking '/home/mohammadreza/Robotic_HW_1_3/Robotic/install/robot_description/lib/pkgconfig/robot_description.pc'
[19.435s] Level 1:colcon.colcon_core.environment:checking '/home/mohammadreza/Robotic_HW_1_3/Robotic/install/robot_description/lib/python3.12/site-packages'
[19.436s] Level 1:colcon.colcon_core.environment:checking '/home/mohammadreza/Robotic_HW_1_3/Robotic/install/robot_description/bin'
[19.436s] INFO:colcon.colcon_core.shell:Creating package script '/home/mohammadreza/Robotic_HW_1_3/Robotic/install/robot_description/share/robot_description/package.ps1'
[19.437s] INFO:colcon.colcon_core.shell:Creating package descriptor '/home/mohammadreza/Robotic_HW_1_3/Robotic/install/robot_description/share/robot_description/package.dsv'
[19.437s] INFO:colcon.colcon_core.shell:Creating package script '/home/mohammadreza/Robotic_HW_1_3/Robotic/install/robot_description/share/robot_description/package.sh'
[19.438s] INFO:colcon.colcon_core.shell:Creating package script '/home/mohammadreza/Robotic_HW_1_3/Robotic/install/robot_description/share/robot_description/package.bash'
[19.438s] INFO:colcon.colcon_core.shell:Creating package script '/home/mohammadreza/Robotic_HW_1_3/Robotic/install/robot_description/share/robot_description/package.zsh'
[19.439s] Level 1:colcon.colcon_core.environment:create_file_with_runtime_dependencies(/home/mohammadreza/Robotic_HW_1_3/Robotic/install/robot_description/share/colcon-core/packages/robot_description)
[19.439s] DEBUG:colcon.colcon_parallel_executor.executor.parallel:closing loop
[19.440s] DEBUG:colcon.colcon_parallel_executor.executor.parallel:loop closed
[19.440s] DEBUG:colcon.colcon_parallel_executor.executor.parallel:run_until_complete finished with '0'
[19.440s] DEBUG:colcon.colcon_core.event_reactor:joining thread
[19.453s] INFO:colcon.colcon_core.plugin_system:Skipping extension 'colcon_notification.desktop_notification.terminal_notifier': Not used on non-Darwin systems
[19.453s] INFO:colcon.colcon_core.plugin_system:Skipping extension 'colcon_notification.desktop_notification.win32': Not used on non-Windows systems
[19.453s] INFO:colcon.colcon_notification.desktop_notification:Sending desktop notification using 'notify2'
[19.475s] DEBUG:colcon.colcon_core.event_reactor:joined thread
[19.476s] INFO:colcon.colcon_core.shell:Creating prefix script '/home/mohammadreza/Robotic_HW_1_3/Robotic/install/local_setup.ps1'
[19.478s] INFO:colcon.colcon_core.shell:Creating prefix util module '/home/mohammadreza/Robotic_HW_1_3/Robotic/install/_local_setup_util_ps1.py'
[19.481s] INFO:colcon.colcon_core.shell:Creating prefix chain script '/home/mohammadreza/Robotic_HW_1_3/Robotic/install/setup.ps1'
[19.482s] INFO:colcon.colcon_core.shell:Creating prefix script '/home/mohammadreza/Robotic_HW_1_3/Robotic/install/local_setup.sh'
[19.483s] INFO:colcon.colcon_core.shell:Creating prefix util module '/home/mohammadreza/Robotic_HW_1_3/Robotic/install/_local_setup_util_sh.py'
[19.484s] INFO:colcon.colcon_core.shell:Creating prefix chain script '/home/mohammadreza/Robotic_HW_1_3/Robotic/install/setup.sh'
[19.485s] INFO:colcon.colcon_core.shell:Creating prefix script '/home/mohammadreza/Robotic_HW_1_3/Robotic/install/local_setup.bash'
[19.487s] INFO:colcon.colcon_core.shell:Creating prefix chain script '/home/mohammadreza/Robotic_HW_1_3/Robotic/install/setup.bash'
[19.488s] INFO:colcon.colcon_core.shell:Creating prefix script '/home/mohammadreza/Robotic_HW_1_3/Robotic/install/local_setup.zsh'
[19.489s] INFO:colcon.colcon_core.shell:Creating prefix chain script '/home/mohammadreza/Robotic_HW_1_3/Robotic/install/setup.zsh'
